Component: ARM Compiler 5.06 (build 20) Tool: armlink [4d35a3]

==============================================================================

Section Cross References

    main.o(.text) refers to stm32f0xx_rcc.o(.text) for RCC_AHBPeriphClockCmd
    main.o(.text) refers to timer.o(.text) for init_timer
    main.o(.text) refers to adc.o(.text) for init_ADC
    main.o(.text) refers to blinker.o(.text) for init_blinker
    main.o(.text) refers to motorpwm.o(.text) for init_motorpwm
    main.o(.text) refers to mpu6050.o(.text) for init_MPU6050
    main.o(.text) refers to proto_blue.o(.text) for init_rf
    main.o(.text) refers to stm32f0xx_gpio.o(.text) for GPIO_Init
    main.o(.text) refers to main.o(i.__ARM_common_switch8) for __ARM_common_switch8
    main.o(.text) refers to aeabi_sdiv.o(.text) for __aeabi_uidivmod
    main.o(.text) refers to stm32f0xx_adc.o(.text) for ADC_StartOfConversion
    main.o(.text) refers to main.o(.constdata) for .constdata
    main.o(.text) refers to main.o(.data) for state_next
    blinker.o(.text) refers to main.o(i.__ARM_common_switch8) for __ARM_common_switch8
    blinker.o(.text) refers to stm32f0xx_gpio.o(.text) for GPIO_WriteBit
    blinker.o(.text) refers to stm32f0xx_tim.o(.text) for TIM_DeInit
    blinker.o(.text) refers to stm32f0xx_misc.o(.text) for NVIC_Init
    blinker.o(.text) refers to blinker.o(.data) for blink_style
    mpu6050.o(.text) refers to stm32f0xx_i2c.o(.text) for I2C_GetFlagStatus
    mpu6050.o(.text) refers to stm32f0xx_gpio.o(.text) for GPIO_WriteBit
    mpu6050.o(.text) refers to aeabi_sdiv.o(.text) for __aeabi_idivmod
    mpu6050.o(.text) refers to timer.o(.text) for delay_micros
    mpu6050.o(.text) refers to mpu6050.o(.data) for i
    mpu6050.o(.text) refers to mpu6050.o(.bss) for calibGyro
    adc.o(.text) refers to stm32f0xx_gpio.o(.text) for GPIO_Init
    adc.o(.text) refers to stm32f0xx_adc.o(.text) for ADC_Init
    adc.o(.text) refers to stm32f0xx_misc.o(.text) for NVIC_Init
    adc.o(.text) refers to aeabi_sdiv.o(.text) for __aeabi_uidivmod
    adc.o(.text) refers to main.o(.data) for LiPoVolt
    timer.o(.text) refers to aeabi_sdiv.o(.text) for __aeabi_uidivmod
    timer.o(.text) refers to stm32f0xx_tim.o(.text) for TIM_DeInit
    timer.o(.text) refers to stm32f0xx_misc.o(.text) for NVIC_Init
    timer.o(.text) refers to timer.o(.data) for T3OV
    system_stm32f0xx.o(.text) refers to aeabi_sdiv.o(.text) for __aeabi_uidivmod
    system_stm32f0xx.o(.text) refers to system_stm32f0xx.o(.data) for SystemCoreClock
    nrf24.o(.text) refers to stm32f0xx_spi.o(.text) for SPI_I2S_GetFlagStatus
    nrf24.o(.text) refers to stm32f0xx_gpio.o(.text) for GPIO_ResetBits
    nrf24.o(.text) refers to nrf24.o(.data) for interruptCb
    proto_blue.o(.text) refers to nrf24.o(.text) for nrfInit
    proto_blue.o(.text) refers to timer.o(.text) for micros
    proto_blue.o(.text) refers to aeabi_sdiv.o(.text) for __aeabi_uidivmod
    proto_blue.o(.text) refers to stm32f0xx_gpio.o(.text) for GPIO_SetBits
    proto_blue.o(.text) refers to proto_blue.o(.constdata) for demod_cal
    proto_blue.o(.text) refers to proto_blue.o(.data) for flashtime
    proto_blue.o(.text) refers to proto_blue.o(.bss) for rxbuffer
    proto_blue.o(.text) refers to fflti.o(.text) for __aeabi_i2f
    proto_blue.o(.text) refers to fmul.o(x$fpl$fmul) for __aeabi_fmul
    proto_blue.o(.text) refers to ffixi.o(.text) for __aeabi_f2iz
    proto_blue.o(.text) refers to main.o(.data) for failsafe
    motorpwm.o(.text) refers to stm32f0xx_gpio.o(.text) for GPIO_Init
    motorpwm.o(.text) refers to stm32f0xx_tim.o(.text) for TIM_DeInit
    stm32f0xx_adc.o(.text) refers to stm32f0xx_rcc.o(.text) for RCC_APB2PeriphResetCmd
    stm32f0xx_cec.o(.text) refers to stm32f0xx_rcc.o(.text) for RCC_APB1PeriphResetCmd
    stm32f0xx_dac.o(.text) refers to stm32f0xx_rcc.o(.text) for RCC_APB1PeriphResetCmd
    stm32f0xx_gpio.o(.text) refers to stm32f0xx_rcc.o(.text) for RCC_AHBPeriphResetCmd
    stm32f0xx_i2c.o(.text) refers to stm32f0xx_rcc.o(.text) for RCC_APB1PeriphResetCmd
    stm32f0xx_pwr.o(.text) refers to stm32f0xx_rcc.o(.text) for RCC_APB1PeriphResetCmd
    stm32f0xx_rcc.o(.text) refers to aeabi_sdiv.o(.text) for __aeabi_uidivmod
    stm32f0xx_rcc.o(.text) refers to stm32f0xx_rcc.o(.data) for APBAHBPrescTable
    stm32f0xx_spi.o(.text) refers to stm32f0xx_rcc.o(.text) for RCC_APB2PeriphResetCmd
    stm32f0xx_spi.o(.text) refers to aeabi_sdiv.o(.text) for __aeabi_uidivmod
    stm32f0xx_tim.o(.text) refers to stm32f0xx_rcc.o(.text) for RCC_APB2PeriphResetCmd
    stm32f0xx_usart.o(.text) refers to stm32f0xx_rcc.o(.text) for RCC_APB2PeriphResetCmd
    stm32f0xx_usart.o(.text) refers to aeabi_sdiv.o(.text) for __aeabi_uidivmod
    stm32f0xx_wwdg.o(.text) refers to stm32f0xx_rcc.o(.text) for RCC_APB1PeriphResetCmd
    startup_stm32f0xx_mdk_arm.o(STACK) refers (Special) to heapauxi.o(.text) for __use_two_region_memory
[...]
    defsig.o(CL$$defsig) refers to defsig_fpe_inner.o(.text) for __rt_SIGFPE_inner
    defsig.o(CL$$defsig) refers to defsig_rtmem_inner.o(.text) for __rt_SIGRTMEM_inner
    _get_argv_nomalloc.o(.text) refers (Special) to hrguard.o(.text) for __heap_region$guard
    _get_argv_nomalloc.o(.text) refers to defsig_rtmem_outer.o(.text) for __rt_SIGRTMEM
    _get_argv_nomalloc.o(.text) refers to sys_command.o(.text) for _sys_command_string
    libshutdown.o(.ARM.Collect$$libshutdown$$00000000) refers (Special) to libshutdown2.o(.ARM.Collect$$libshutdown$$00000002) for __rt_lib_shutdown_cpp_1
    libshutdown.o(.ARM.Collect$$libshutdown$$00000000) refers (Special) to libshutdown2.o(.ARM.Collect$$libshutdown$$00000007) for __rt_lib_shutdown_fp_trap_1
    libshutdown.o(.ARM.Collect$$libshutdown$$00000000) refers (Special) to libshutdown2.o(.ARM.Collect$$libshutdown$$0000000F) for __rt_lib_shutdown_heap_1
    libshutdown.o(.ARM.Collect$$libshutdown$$00000000) refers (Special) to libshutdown2.o(.ARM.Collect$$libshutdown$$00000010) for __rt_lib_shutdown_return
    libshutdown.o(.ARM.Collect$$libshutdown$$00000000) refers (Special) to libshutdown2.o(.ARM.Collect$$libshutdown$$0000000A) for __rt_lib_shutdown_signal_1
    libshutdown.o(.ARM.Collect$$libshutdown$$00000000) refers (Special) to libshutdown2.o(.ARM.Collect$$libshutdown$$00000004) for __rt_lib_shutdown_stdio_1
    libshutdown.o(.ARM.Collect$$libshutdown$$00000000) refers (Special) to libshutdown2.o(.ARM.Collect$$libshutdown$$0000000C) for __rt_lib_shutdown_user_alloc_1
    sys_command.o(.text) refers (Special) to use_no_semi.o(.text) for __I$use$semihosting
    sys_command.o(.text) refers (Special) to indicate_semi.o(.text) for __semihosting_library_function
    defsig_abrt_inner.o(.text) refers to defsig_general.o(.text) for __default_signal_display
    defsig_rtred_inner.o(.text) refers to defsig_general.o(.text) for __default_signal_display
    defsig_rtmem_inner.o(.text) refers to defsig_general.o(.text) for __default_signal_display
    defsig_rtmem_outer.o(.text) refers to defsig_rtmem_inner.o(.text) for __rt_SIGRTMEM_inner
    defsig_rtmem_outer.o(.text) refers to defsig_exit.o(.text) for __sig_exit
    defsig_rtmem_formal.o(.text) refers to rt_raise.o(.text) for __rt_raise
    defsig_stak_inner.o(.text) refers to defsig_general.o(.text) for __default_signal_display
    defsig_pvfn_inner.o(.text) refers to defsig_general.o(.text) for __default_signal_display
    defsig_cppl_inner.o(.text) refers to defsig_general.o(.text) for __default_signal_display
    defsig_segv_inner.o(.text) refers to defsig_general.o(.text) for __default_signal_display
    defsig_other.o(.text) refers to defsig_general.o(.text) for __default_signal_display


==============================================================================

Removing Unused input sections from the image.

    Removing main.o(.rev16_text), (4 bytes).
    Removing main.o(.revsh_text), (4 bytes).
    Removing blinker.o(.rev16_text), (4 bytes).
    Removing blinker.o(.revsh_text), (4 bytes).
    Removing mpu6050.o(.rev16_text), (4 bytes).
    Removing mpu6050.o(.revsh_text), (4 bytes).
    Removing adc.o(.rev16_text), (4 bytes).
    Removing adc.o(.revsh_text), (4 bytes).
    Removing timer.o(.rev16_text), (4 bytes).
    Removing timer.o(.revsh_text), (4 bytes).
    Removing stm32f0xx_it.o(.rev16_text), (4 bytes).
    Removing stm32f0xx_it.o(.revsh_text), (4 bytes).
    Removing system_stm32f0xx.o(.rev16_text), (4 bytes).
    Removing system_stm32f0xx.o(.revsh_text), (4 bytes).
    Removing nrf24.o(.rev16_text), (4 bytes).
    Removing nrf24.o(.revsh_text), (4 bytes).
    Removing proto_blue.o(.rev16_text), (4 bytes).
    Removing proto_blue.o(.revsh_text), (4 bytes).
    Removing proto_redv1.o(.rev16_text), (4 bytes).
    Removing proto_redv1.o(.revsh_text), (4 bytes).
    Removing motorpwm.o(.rev16_text), (4 bytes).
    Removing motorpwm.o(.revsh_text), (4 bytes).
    Removing stm32f0xx_adc.o(.rev16_text), (4 bytes).
    Removing stm32f0xx_adc.o(.revsh_text), (4 bytes).
    Removing stm32f0xx_cec.o(.rev16_text), (4 bytes).
    Removing stm32f0xx_cec.o(.revsh_text), (4 bytes).
    Removing stm32f0xx_cec.o(.text), (336 bytes).
    Removing stm32f0xx_crc.o(.rev16_text), (4 bytes).
    Removing stm32f0xx_crc.o(.revsh_text), (4 bytes).
    Removing stm32f0xx_crc.o(.text), (228 bytes).
    Removing stm32f0xx_comp.o(.rev16_text), (4 bytes).
    Removing stm32f0xx_comp.o(.revsh_text), (4 bytes).
    Removing stm32f0xx_comp.o(.text), (232 bytes).
    Removing stm32f0xx_dac.o(.rev16_text), (4 bytes).
    Removing stm32f0xx_dac.o(.revsh_text), (4 bytes).
    Removing stm32f0xx_dac.o(.text), (528 bytes).
    Removing stm32f0xx_dbgmcu.o(.rev16_text), (4 bytes).
    Removing stm32f0xx_dbgmcu.o(.revsh_text), (4 bytes).
    Removing stm32f0xx_dbgmcu.o(.text), (108 bytes).
    Removing stm32f0xx_dma.o(.rev16_text), (4 bytes).
    Removing stm32f0xx_dma.o(.revsh_text), (4 bytes).
    Removing stm32f0xx_dma.o(.text), (424 bytes).
    Removing stm32f0xx_exti.o(.rev16_text), (4 bytes).
    Removing stm32f0xx_exti.o(.revsh_text), (4 bytes).
    Removing stm32f0xx_exti.o(.text), (248 bytes).
    Removing stm32f0xx_flash.o(.rev16_text), (4 bytes).
    Removing stm32f0xx_flash.o(.revsh_text), (4 bytes).
    Removing stm32f0xx_flash.o(.text), (1712 bytes).
    Removing stm32f0xx_gpio.o(.rev16_text), (4 bytes).
    Removing stm32f0xx_gpio.o(.revsh_text), (4 bytes).
    Removing stm32f0xx_i2c.o(.rev16_text), (4 bytes).
    Removing stm32f0xx_i2c.o(.revsh_text), (4 bytes).
    Removing stm32f0xx_iwdg.o(.rev16_text), (4 bytes).
    Removing stm32f0xx_iwdg.o(.revsh_text), (4 bytes).
    Removing stm32f0xx_iwdg.o(.text), (76 bytes).
    Removing stm32f0xx_pwr.o(.rev16_text), (4 bytes).
    Removing stm32f0xx_pwr.o(.revsh_text), (4 bytes).
    Removing stm32f0xx_pwr.o(.text), (344 bytes).
    Removing stm32f0xx_rcc.o(.rev16_text), (4 bytes).
    Removing stm32f0xx_rcc.o(.revsh_text), (4 bytes).
    Removing stm32f0xx_rtc.o(.rev16_text), (4 bytes).
    Removing stm32f0xx_rtc.o(.revsh_text), (4 bytes).
    Removing stm32f0xx_rtc.o(.text), (3136 bytes).
    Removing stm32f0xx_spi.o(.rev16_text), (4 bytes).
    Removing stm32f0xx_spi.o(.revsh_text), (4 bytes).
    Removing stm32f0xx_tim.o(.rev16_text), (4 bytes).
    Removing stm32f0xx_tim.o(.revsh_text), (4 bytes).
    Removing stm32f0xx_usart.o(.rev16_text), (4 bytes).
    Removing stm32f0xx_usart.o(.revsh_text), (4 bytes).
    Removing stm32f0xx_usart.o(.text), (1430 bytes).
    Removing stm32f0xx_wwdg.o(.rev16_text), (4 bytes).
    Removing stm32f0xx_wwdg.o(.revsh_text), (4 bytes).
    Removing stm32f0xx_wwdg.o(.text), (148 bytes).
    Removing stm32f0xx_misc.o(.rev16_text), (4 bytes).
    Removing stm32f0xx_misc.o(.revsh_text), (4 bytes).
    Removing stm32f0xx_syscfg.o(.rev16_text), (4 bytes).
    Removing stm32f0xx_syscfg.o(.revsh_text), (4 bytes).
    Removing stm32f0xx_syscfg.o(.text), (240 bytes).

78 unused section(s) (total 9446 bytes) removed from the image.

==============================================================================

Image Symbol Table

    Local Symbols

    Symbol Name                              Value     Ov Type        Size  Object(Section)

    ../clib/angel/boardlib.s                 0x00000000   Number         0  boardinit3.o ABSOLUTE
    ../clib/angel/boardlib.s                 0x00000000   Number         0  boardinit2.o ABSOLUTE
    ../clib/angel/boardlib.s                 0x00000000   Number         0  boardshut.o ABSOLUTE
    ../clib/angel/boardlib.s                 0x00000000   Number         0  boardinit1.o ABSOLUTE
    ../clib/angel/handlers.s                 0x00000000   Number         0  __scatter_zi.o ABSOLUTE
    ../clib/angel/handlers.s                 0x00000000   Number         0  __scatter_copy.o ABSOLUTE
    ../clib/angel/kernel.s                   0x00000000   Number         0  rtexit2.o ABSOLUTE
    ../clib/angel/kernel.s                   0x00000000   Number         0  __rtentry.o ABSOLUTE
    ../clib/angel/kernel.s                   0x00000000   Number         0  __rtentry2.o ABSOLUTE
    ../clib/angel/kernel.s                   0x00000000   Number         0  rtexit.o ABSOLUTE
    ../clib/angel/kernel.s                   0x00000000   Number         0  __rtentry4.o ABSOLUTE
    ../clib/angel/rt.s                       0x00000000   Number         0  aeabi_idiv0_sigfpe.o ABSOLUTE
    ../clib/angel/rt.s                       0x00000000   Number         0  rt_raise.o ABSOLUTE
    ../clib/angel/rt.s                       0x00000000   Number         0  rt_div0.o ABSOLUTE
    ../clib/angel/rt.s                       0x00000000   Number         0  aeabi_idiv0.o ABSOLUTE
    ../clib/angel/scatterp.s                 0x00000000   Number         0  __scatter.o ABSOLUTE
    ../clib/angel/startup.s                  0x00000000   Number         0  __main.o ABSOLUTE
    ../clib/angel/sys.s                      0x00000000   Number         0  libspace.o ABSOLUTE
    ../clib/angel/sys.s                      0x00000000   Number         0  indicate_semi.o ABSOLUTE
    ../clib/angel/sys.s                      0x00000000   Number         0  use_no_semi.o ABSOLUTE
    ../clib/angel/sys.s                      0x00000000   Number         0  sys_stackheap_outer.o ABSOLUTE
    ../clib/angel/sys.s                      0x00000000   Number         0  tempstk.o ABSOLUTE
    ../clib/angel/sysapp.c                   0x00000000   Number         0  sys_wrch.o ABSOLUTE
    ../clib/angel/sysapp.c                   0x00000000   Number         0  sys_exit.o ABSOLUTE
    ../clib/angel/sysapp.c                   0x00000000   Number         0  sys_command.o ABSOLUTE
    ../clib/armsys.c                         0x00000000   Number         0  argv_veneer.o ABSOLUTE
    ../clib/armsys.c                         0x00000000   Number         0  no_argv.o ABSOLUTE
    ../clib/armsys.c                         0x00000000   Number         0  _get_argv_nomalloc.o ABSOLUTE
    ../clib/division.s                       0x00000000   Number         0  aeabi_sdiv.o ABSOLUTE
    ../clib/division.s                       0x00000000   Number         0  aeabi_sdiv_div0.o ABSOLUTE
    ../clib/heapalloc.c                      0x00000000   Number         0  hrguard.o ABSOLUTE
    ../clib/heapaux.c                        0x00000000   Number         0  heapauxi.o ABSOLUTE
    ../clib/libinit.s                        0x00000000   Number         0  libshutdown2.o ABSOLUTE
    ../clib/libinit.s                        0x00000000   Number         0  libinit2.o ABSOLUTE
    ../clib/libinit.s                        0x00000000   Number         0  libshutdown.o ABSOLUTE
    ../clib/libinit.s                        0x00000000   Number         0  libinit.o ABSOLUTE
    ../clib/signal.c                         0x00000000   Number         0  defsig_stak_inner.o ABSOLUTE
    ../clib/signal.c                         0x00000000   Number         0  defsig_other.o ABSOLUTE
    ../clib/signal.c                         0x00000000   Number         0  defsig_segv_inner.o ABSOLUTE
    ../clib/signal.c                         0x00000000   Number         0  defsig_cppl_inner.o ABSOLUTE
    ../clib/signal.c                         0x00000000   Number         0  defsig_pvfn_inner.o ABSOLUTE
    ../clib/signal.c                         0x00000000   Number         0  defsig_rtmem_outer.o ABSOLUTE
    ../clib/signal.c                         0x00000000   Number         0  defsig_rtmem_inner.o ABSOLUTE
    ../clib/signal.c                         0x00000000   Number         0  defsig_rtred_inner.o ABSOLUTE
    ../clib/signal.c                         0x00000000   Number         0  defsig_abrt_inner.o ABSOLUTE
    ../clib/signal.c                         0x00000000   Number         0  defsig_rtmem_formal.o ABSOLUTE
    ../clib/signal.c                         0x00000000   Number         0  defsig_fpe_formal.o ABSOLUTE
    ../clib/signal.c                         0x00000000   Number         0  __raise.o ABSOLUTE
    ../clib/signal.c                         0x00000000   Number         0  defsig_general.o ABSOLUTE
    ../clib/signal.c                         0x00000000   Number         0  defsig_exit.o ABSOLUTE
    ../clib/signal.c                         0x00000000   Number         0  defsig_fpe_inner.o ABSOLUTE
    ../clib/signal.c                         0x00000000   Number         0  defsig_fpe_outer.o ABSOLUTE
    ../clib/signal.s                         0x00000000   Number         0  defsig.o ABSOLUTE
    ../clib/stdlib.c                         0x00000000   Number         0  exit.o ABSOLUTE
    ../fplib/cfplib/ffix.c                   0x00000000   Number         0  ffixi.o ABSOLUTE
    ../fplib/cfplib/fflt.c                   0x00000000   Number         0  fflti.o ABSOLUTE
    ../fplib/cfplib/fpinit.c                 0x00000000   Number         0  fpinit.o ABSOLUTE
    ../fplib/fmul6m.s                        0x00000000   Number         0  fmul.o ABSOLUTE
    ../fplib/usenofp.s                       0x00000000   Number         0  usenofp.o ABSOLUTE
    Libraries\STM32F0xx_StdPeriph_Driver\src\stm32f0xx_adc.c 0x00000000   Number         0  stm32f0xx_adc.o ABSOLUTE
    Libraries\STM32F0xx_StdPeriph_Driver\src\stm32f0xx_cec.c 0x00000000   Number         0  stm32f0xx_cec.o ABSOLUTE
    Libraries\STM32F0xx_StdPeriph_Driver\src\stm32f0xx_comp.c 0x00000000   Number         0  stm32f0xx_comp.o ABSOLUTE
    Libraries\STM32F0xx_StdPeriph_Driver\src\stm32f0xx_crc.c 0x00000000   Number         0  stm32f0xx_crc.o ABSOLUTE
    Libraries\STM32F0xx_StdPeriph_Driver\src\stm32f0xx_dac.c 0x00000000   Number         0  stm32f0xx_dac.o ABSOLUTE
    Libraries\STM32F0xx_StdPeriph_Driver\src\stm32f0xx_dbgmcu.c 0x00000000   Number         0  stm32f0xx_dbgmcu.o ABSOLUTE
    Libraries\STM32F0xx_StdPeriph_Driver\src\stm32f0xx_dma.c 0x00000000   Number         0  stm32f0xx_dma.o ABSOLUTE
    Libraries\STM32F0xx_StdPeriph_Driver\src\stm32f0xx_exti.c 0x00000000   Number         0  stm32f0xx_exti.o ABSOLUTE
    Libraries\STM32F0xx_StdPeriph_Driver\src\stm32f0xx_flash.c 0x00000000   Number         0  stm32f0xx_flash.o ABSOLUTE
    Libraries\STM32F0xx_StdPeriph_Driver\src\stm32f0xx_gpio.c 0x00000000   Number         0  stm32f0xx_gpio.o ABSOLUTE
    Libraries\STM32F0xx_StdPeriph_Driver\src\stm32f0xx_i2c.c 0x00000000   Number         0  stm32f0xx_i2c.o ABSOLUTE
    Libraries\STM32F0xx_StdPeriph_Driver\src\stm32f0xx_iwdg.c 0x00000000   Number         0  stm32f0xx_iwdg.o ABSOLUTE
    Libraries\STM32F0xx_StdPeriph_Driver\src\stm32f0xx_misc.c 0x00000000   Number         0  stm32f0xx_misc.o ABSOLUTE
    Libraries\STM32F0xx_StdPeriph_Driver\src\stm32f0xx_pwr.c 0x00000000   Number         0  stm32f0xx_pwr.o ABSOLUTE
    Libraries\STM32F0xx_StdPeriph_Driver\src\stm32f0xx_rcc.c 0x00000000   Number         0  stm32f0xx_rcc.o ABSOLUTE
    Libraries\STM32F0xx_StdPeriph_Driver\src\stm32f0xx_rtc.c 0x00000000   Number         0  stm32f0xx_rtc.o ABSOLUTE
    Libraries\STM32F0xx_StdPeriph_Driver\src\stm32f0xx_spi.c 0x00000000   Number         0  stm32f0xx_spi.o ABSOLUTE
    Libraries\STM32F0xx_StdPeriph_Driver\src\stm32f0xx_syscfg.c 0x00000000   Number         0  stm32f0xx_syscfg.o ABSOLUTE
    Libraries\STM32F0xx_StdPeriph_Driver\src\stm32f0xx_tim.c 0x00000000   Number         0  stm32f0xx_tim.o ABSOLUTE
    Libraries\STM32F0xx_StdPeriph_Driver\src\stm32f0xx_usart.c 0x00000000   Number         0  stm32f0xx_usart.o ABSOLUTE
    Libraries\STM32F0xx_StdPeriph_Driver\src\stm32f0xx_wwdg.c 0x00000000   Number         0  stm32f0xx_wwdg.o ABSOLUTE
    Libraries\\STM32F0xx_StdPeriph_Driver\\src\\stm32f0xx_adc.c 0x00000000   Number         0  stm32f0xx_adc.o ABSOLUTE
    Libraries\\STM32F0xx_StdPeriph_Driver\\src\\stm32f0xx_cec.c 0x00000000   Number         0  stm32f0xx_cec.o ABSOLUTE
    Libraries\\STM32F0xx_StdPeriph_Driver\\src\\stm32f0xx_comp.c 0x00000000   Number         0  stm32f0xx_comp.o ABSOLUTE
    Libraries\\STM32F0xx_StdPeriph_Driver\\src\\stm32f0xx_crc.c 0x00000000   Number         0  stm32f0xx_crc.o ABSOLUTE
    Libraries\\STM32F0xx_StdPeriph_Driver\\src\\stm32f0xx_dac.c 0x00000000   Number         0  stm32f0xx_dac.o ABSOLUTE
    Libraries\\STM32F0xx_StdPeriph_Driver\\src\\stm32f0xx_dbgmcu.c 0x00000000   Number         0  stm32f0xx_dbgmcu.o ABSOLUTE
    Libraries\\STM32F0xx_StdPeriph_Driver\\src\\stm32f0xx_dma.c 0x00000000   Number         0  stm32f0xx_dma.o ABSOLUTE
    Libraries\\STM32F0xx_StdPeriph_Driver\\src\\stm32f0xx_exti.c 0x00000000   Number         0  stm32f0xx_exti.o ABSOLUTE
    Libraries\\STM32F0xx_StdPeriph_Driver\\src\\stm32f0xx_flash.c 0x00000000   Number         0  stm32f0xx_flash.o ABSOLUTE
    Libraries\\STM32F0xx_StdPeriph_Driver\\src\\stm32f0xx_gpio.c 0x00000000   Number         0  stm32f0xx_gpio.o ABSOLUTE
    Libraries\\STM32F0xx_StdPeriph_Driver\\src\\stm32f0xx_i2c.c 0x00000000   Number         0  stm32f0xx_i2c.o ABSOLUTE
    Libraries\\STM32F0xx_StdPeriph_Driver\\src\\stm32f0xx_iwdg.c 0x00000000   Number         0  stm32f0xx_iwdg.o ABSOLUTE
    Libraries\\STM32F0xx_StdPeriph_Driver\\src\\stm32f0xx_misc.c 0x00000000   Number         0  stm32f0xx_misc.o ABSOLUTE
    Libraries\\STM32F0xx_StdPeriph_Driver\\src\\stm32f0xx_pwr.c 0x00000000   Number         0  stm32f0xx_pwr.o ABSOLUTE
    Libraries\\STM32F0xx_StdPeriph_Driver\\src\\stm32f0xx_rcc.c 0x00000000   Number         0  stm32f0xx_rcc.o ABSOLUTE
    Libraries\\STM32F0xx_StdPeriph_Driver\\src\\stm32f0xx_rtc.c 0x00000000   Number         0  stm32f0xx_rtc.o ABSOLUTE
    Libraries\\STM32F0xx_StdPeriph_Driver\\src\\stm32f0xx_spi.c 0x00000000   Number         0  stm32f0xx_spi.o ABSOLUTE
    Libraries\\STM32F0xx_StdPeriph_Driver\\src\\stm32f0xx_syscfg.c 0x00000000   Number         0  stm32f0xx_syscfg.o ABSOLUTE
    Libraries\\STM32F0xx_StdPeriph_Driver\\src\\stm32f0xx_tim.c 0x00000000   Number         0  stm32f0xx_tim.o ABSOLUTE
    Libraries\\STM32F0xx_StdPeriph_Driver\\src\\stm32f0xx_usart.c 0x00000000   Number         0  stm32f0xx_usart.o ABSOLUTE
    Libraries\\STM32F0xx_StdPeriph_Driver\\src\\stm32f0xx_wwdg.c 0x00000000   Number         0  stm32f0xx_wwdg.o ABSOLUTE
    dc.s                                     0x00000000   Number         0  dc.o ABSOLUTE
    src\MPU6050.c                            0x00000000   Number         0  mpu6050.o ABSOLUTE
    src\\MPU6050.c                           0x00000000   Number         0  mpu6050.o ABSOLUTE
    src\\adc.c                               0x00000000   Number         0  adc.o ABSOLUTE
    src\\blinker.c                           0x00000000   Number         0  blinker.o ABSOLUTE
    src\\main.c                              0x00000000   Number         0  main.o ABSOLUTE
    src\\motorpwm.c                          0x00000000   Number         0  motorpwm.o ABSOLUTE
    src\\nrf24.c                             0x00000000   Number         0  nrf24.o ABSOLUTE
    src\\proto_blue.c                        0x00000000   Number         0  proto_blue.o ABSOLUTE
    src\\proto_redv1.c                       0x00000000   Number         0  proto_redv1.o ABSOLUTE
    src\\stm32f0xx_it.c                      0x00000000   Number         0  stm32f0xx_it.o ABSOLUTE
    src\\system_stm32f0xx.c                  0x00000000   Number         0  system_stm32f0xx.o ABSOLUTE
    src\\timer.c                             0x00000000   Number         0  timer.o ABSOLUTE
    src\adc.c                                0x00000000   Number         0  adc.o ABSOLUTE
    src\blinker.c                            0x00000000   Number         0  blinker.o ABSOLUTE
    src\main.c                               0x00000000   Number         0  main.o ABSOLUTE
    src\motorpwm.c                           0x00000000   Number         0  motorpwm.o ABSOLUTE
    src\nrf24.c                              0x00000000   Number         0  nrf24.o ABSOLUTE
    src\proto_blue.c                         0x00000000   Number         0  proto_blue.o ABSOLUTE
    src\proto_redv1.c                        0x00000000   Number         0  proto_redv1.o ABSOLUTE
    src\stm32f0xx_it.c                       0x00000000   Number         0  stm32f0xx_it.o ABSOLUTE
    src\system_stm32f0xx.c                   0x00000000   Number         0  system_stm32f0xx.o ABSOLUTE
    src\timer.c                              0x00000000   Number         0  timer.o ABSOLUTE
    startup\startup_stm32f0xx_mdk_arm.s      0x00000000   Number         0  startup_stm32f0xx_mdk_arm.o ABSOLUTE
    RESET                                    0x08000000   Section      192  startup_stm32f0xx_mdk_arm.o(RESET)
    !!!main                                  0x080000c0   Section        8  __main.o(!!!main)
    !!!scatter                               0x080000c8   Section       60  __scatter.o(!!!scatter)
    !!handler_copy                           0x08000104   Section       26  __scatter_copy.o(!!handler_copy)
    !!handler_zi                             0x08000120   Section       28  __scatter_zi.o(!!handler_zi)
    .ARM.Collect$$libinit$$00000000          0x0800013c   Section        2  libinit.o(.ARM.Collect$$libinit$$00000000)
    .ARM.Collect$$libinit$$00000002          0x0800013e   Section        0  libinit2.o(.ARM.Collect$$libinit$$00000002)
    .ARM.Collect$$libinit$$00000004          0x0800013e   Section        0  libinit2.o(.ARM.Collect$$libinit$$00000004)
    .ARM.Collect$$libinit$$0000000A          0x0800013e   Section        0  libinit2.o(.ARM.Collect$$libinit$$0000000A)
    .ARM.Collect$$libinit$$0000000C          0x0800013e   Section        0  libinit2.o(.ARM.Collect$$libinit$$0000000C)
    .ARM.Collect$$libinit$$0000000E          0x0800013e   Section        0  libinit2.o(.ARM.Collect$$libinit$$0000000E)
    .ARM.Collect$$libinit$$00000011          0x0800013e   Section        0  libinit2.o(.ARM.Collect$$libinit$$00000011)
    .ARM.Collect$$libinit$$00000013          0x0800013e   Section        0  libinit2.o(.ARM.Collect$$libinit$$00000013)
    .ARM.Collect$$libinit$$00000015          0x0800013e   Section        0  libinit2.o(.ARM.Collect$$libinit$$00000015)
    .ARM.Collect$$libinit$$00000017          0x0800013e   Section        0  libinit2.o(.ARM.Collect$$libinit$$00000017)
    .ARM.Collect$$libinit$$00000019          0x0800013e   Section        0  libinit2.o(.ARM.Collect$$libinit$$00000019)
    .ARM.Collect$$libinit$$0000001B          0x0800013e   Section        0  libinit2.o(.ARM.Collect$$libinit$$0000001B)
    .ARM.Collect$$libinit$$0000001D          0x0800013e   Section        0  libinit2.o(.ARM.Collect$$libinit$$0000001D)
    .ARM.Collect$$libinit$$0000001F          0x0800013e   Section        0  libinit2.o(.ARM.Collect$$libinit$$0000001F)
    .ARM.Collect$$libinit$$00000021          0x0800013e   Section        0  libinit2.o(.ARM.Collect$$libinit$$00000021)
    .ARM.Collect$$libinit$$00000023          0x0800013e   Section        0  libinit2.o(.ARM.Collect$$libinit$$00000023)
    .ARM.Collect$$libinit$$00000025          0x0800013e   Section        0  libinit2.o(.ARM.Collect$$libinit$$00000025)
    .ARM.Collect$$libinit$$0000002C          0x0800013e   Section        0  libinit2.o(.ARM.Collect$$libinit$$0000002C)
    .ARM.Collect$$libinit$$0000002E          0x0800013e   Section        0  libinit2.o(.ARM.Collect$$libinit$$0000002E)
    .ARM.Collect$$libinit$$00000030          0x0800013e   Section        0  libinit2.o(.ARM.Collect$$libinit$$00000030)
    .ARM.Collect$$libinit$$00000032          0x0800013e   Section        0  libinit2.o(.ARM.Collect$$libinit$$00000032)
    .ARM.Collect$$libinit$$00000033          0x0800013e   Section        2  libinit2.o(.ARM.Collect$$libinit$$00000033)
    .ARM.Collect$$libshutdown$$00000000      0x08000140   Section        2  libshutdown.o(.ARM.Collect$$libshutdown$$00000000)
    .ARM.Collect$$libshutdown$$00000002      0x08000142   Section        0  libshutdown2.o(.ARM.Collect$$libshutdown$$00000002)
    .ARM.Collect$$libshutdown$$00000004      0x08000142   Section        0  libshutdown2.o(.ARM.Collect$$libshutdown$$00000004)
    .ARM.Collect$$libshutdown$$00000007      0x08000142   Section        0  libshutdown2.o(.ARM.Collect$$libshutdown$$00000007)
    .ARM.Collect$$libshutdown$$0000000A      0x08000142   Section        0  libshutdown2.o(.ARM.Collect$$libshutdown$$0000000A)
    .ARM.Collect$$libshutdown$$0000000C      0x08000142   Section        0  libshutdown2.o(.ARM.Collect$$libshutdown$$0000000C)
    .ARM.Collect$$libshutdown$$0000000F      0x08000142   Section        0  libshutdown2.o(.ARM.Collect$$libshutdown$$0000000F)
    .ARM.Collect$$libshutdown$$00000010      0x08000142   Section        2  libshutdown2.o(.ARM.Collect$$libshutdown$$00000010)
    .ARM.Collect$$rtentry$$00000000          0x08000144   Section        0  __rtentry.o(.ARM.Collect$$rtentry$$00000000)
    .ARM.Collect$$rtentry$$00000002          0x08000144   Section        0  __rtentry2.o(.ARM.Collect$$rtentry$$00000002)
    .ARM.Collect$$rtentry$$00000004          0x08000144   Section        6  __rtentry4.o(.ARM.Collect$$rtentry$$00000004)
    .ARM.Collect$$rtentry$$00000009          0x0800014a   Section        0  __rtentry2.o(.ARM.Collect$$rtentry$$00000009)
    .ARM.Collect$$rtentry$$0000000A          0x0800014a   Section        4  __rtentry2.o(.ARM.Collect$$rtentry$$0000000A)
    .ARM.Collect$$rtentry$$0000000C          0x0800014e   Section        0  __rtentry2.o(.ARM.Collect$$rtentry$$0000000C)
    .ARM.Collect$$rtentry$$0000000D          0x0800014e   Section        8  __rtentry2.o(.ARM.Collect$$rtentry$$0000000D)
    .ARM.Collect$$rtexit$$00000000           0x08000156   Section        2  rtexit.o(.ARM.Collect$$rtexit$$00000000)
    .ARM.Collect$$rtexit$$00000002           0x08000158   Section        0  rtexit2.o(.ARM.Collect$$rtexit$$00000002)
    .ARM.Collect$$rtexit$$00000003           0x08000158   Section        4  rtexit2.o(.ARM.Collect$$rtexit$$00000003)
    .ARM.Collect$$rtexit$$00000004           0x0800015c   Section        6  rtexit2.o(.ARM.Collect$$rtexit$$00000004)
    .text                                    0x08000164   Section        0  main.o(.text)
    .text                                    0x080005a8   Section        0  blinker.o(.text)
    .text                                    0x0800073c   Section        0  mpu6050.o(.text)
    .text                                    0x08000b0c   Section        0  adc.o(.text)
    .text                                    0x08000bc0   Section        0  timer.o(.text)
    .text                                    0x08000c70   Section        0  stm32f0xx_it.o(.text)
    .text                                    0x08000c7c   Section        0  system_stm32f0xx.o(.text)
    SetSysClock                              0x08000c7d   Thumb Code   118  system_stm32f0xx.o(.text)
    .text                                    0x08000e1c   Section        0  nrf24.o(.text)
    spiSendByte                              0x08000e1d   Thumb Code    48  nrf24.o(.text)
    spiReceiveByte                           0x08000e4d   Thumb Code    10  nrf24.o(.text)
    .text                                    0x08001260   Section        0  proto_blue.o(.text)
    .text                                    0x0800174c   Section        0  motorpwm.o(.text)
    .text                                    0x08001b3c   Section        0  stm32f0xx_adc.o(.text)
    .text                                    0x08001e28   Section        0  stm32f0xx_gpio.o(.text)
    .text                                    0x08002034   Section        0  stm32f0xx_i2c.o(.text)
    .text                                    0x080024cc   Section        0  stm32f0xx_rcc.o(.text)
    .text                                    0x08002b9c   Section        0  stm32f0xx_spi.o(.text)
    .text                                    0x08002f58   Section        0  stm32f0xx_tim.o(.text)
    TI4_Config                               0x080036c1   Thumb Code    66  stm32f0xx_tim.o(.text)
    TI3_Config                               0x08003715   Thumb Code    66  stm32f0xx_tim.o(.text)
    TI2_Config                               0x080037a5   Thumb Code    66  stm32f0xx_tim.o(.text)
    TI1_Config                               0x080037f9   Thumb Code    54  stm32f0xx_tim.o(.text)
    .text                                    0x08003b58   Section        0  stm32f0xx_misc.o(.text)
    .text                                    0x08003c0c   Section      116  startup_stm32f0xx_mdk_arm.o(.text)
    .text                                    0x08003c80   Section      346  aeabi_sdiv.o(.text)
    .text                                    0x08003dda   Section        0  heapauxi.o(.text)
    .text                                    0x08003de0   Section        0  ffixi.o(.text)
    .text                                    0x08003e2c   Section        0  fflti.o(.text)
    .text                                    0x08003e8a   Section       62  sys_stackheap_outer.o(.text)
    .text                                    0x08003ec8   Section        0  exit.o(.text)
    .text                                    0x08003ed8   Section        8  libspace.o(.text)
    .text                                    0x08003ee0   Section        0  sys_exit.o(.text)
    .text                                    0x08003eec   Section        2  use_no_semi.o(.text)
    .text                                    0x08003eee   Section        0  indicate_semi.o(.text)
    i.__ARM_common_switch8                   0x08003eee   Section        0  main.o(i.__ARM_common_switch8)
    x$fpl$fmul                               0x08003f0c   Section      176  fmul.o(x$fpl$fmul)
    .constdata                               0x08003fbc   Section       32  main.o(.constdata)
    x$fpl$usenofp                            0x08003fbc   Section        0  usenofp.o(x$fpl$usenofp)
    RPY_Rate                                 0x08003fbc   Data           3  main.o(.constdata)
    Imax                                     0x08003fc0   Data           6  main.o(.constdata)
    G_P                                      0x08003fc6   Data           3  main.o(.constdata)
    G_I                                      0x08003fc9   Data           3  main.o(.constdata)
    G_D                                      0x08003fcc   Data           3  main.o(.constdata)
    .constdata                               0x08003fdc   Section       22  proto_blue.o(.constdata)
    .data                                    0x20000000   Section        6  main.o(.data)
    state                                    0x20000004   Data           1  main.o(.data)
    state_next                               0x20000005   Data           1  main.o(.data)
    .data                                    0x20000006   Section        2  blinker.o(.data)
    blink_style                              0x20000006   Data           1  blinker.o(.data)
    phase                                    0x20000007   Data           1  blinker.o(.data)
    .data                                    0x20000008   Section        1  mpu6050.o(.data)
    i                                        0x20000008   Data           1  mpu6050.o(.data)
    .data                                    0x2000000a   Section        2  timer.o(.data)
    T3OV                                     0x2000000a   Data           2  timer.o(.data)
    .data                                    0x2000000c   Section       20  system_stm32f0xx.o(.data)
    .data                                    0x20000020   Section        8  nrf24.o(.data)
    isInit                                   0x20000020   Data           1  nrf24.o(.data)
    interruptCb                              0x20000024   Data           4  nrf24.o(.data)
    .data                                    0x20000028   Section       32  proto_blue.o(.data)
    CX10_freq                                0x20000029   Data           4  proto_blue.o(.data)
    CX10_current_chan                        0x2000002d   Data           1  proto_blue.o(.data)
    txbuffer                                 0x2000002e   Data          19  proto_blue.o(.data)
    .data                                    0x20000048   Section       16  stm32f0xx_rcc.o(.data)
    APBAHBPrescTable                         0x20000048   Data          16  stm32f0xx_rcc.o(.data)
    .bss                                     0x20000058   Section       12  mpu6050.o(.bss)
    calibGyro                                0x20000058   Data          12  mpu6050.o(.bss)
    .bss                                     0x20000064   Section       19  proto_blue.o(.bss)
    rxbuffer                                 0x20000064   Data          19  proto_blue.o(.bss)
    .bss                                     0x20000078   Section       96  libspace.o(.bss)
    HEAP                                     0x200000d8   Section      512  startup_stm32f0xx_mdk_arm.o(HEAP)
    Heap_Mem                                 0x200000d8   Data         512  startup_stm32f0xx_mdk_arm.o(HEAP)
    STACK                                    0x200002d8   Section     1024  startup_stm32f0xx_mdk_arm.o(STACK)
    Stack_Mem                                0x200002d8   Data        1024  startup_stm32f0xx_mdk_arm.o(STACK)
    __initial_sp                             0x200006d8   Data           0  startup_stm32f0xx_mdk_arm.o(STACK)

    Global Symbols

    Symbol Name                              Value     Ov Type        Size  Object(Section)

    BuildAttributes$$THM_ISAv3M$S$PE$A:L22$X:L11$S22$IEEE1$IW$USESV6$~STKCKD$USESV7$~SHL$OSPACE$ROPI$EBA8$UX$STANDARDLIB$REQ8$PRES8$EABIv2 0x00000000   Number         0  anon$$obj.o ABSOLUTE
    __ARM_use_no_argv                        0x00000000   Number         0  main.o ABSOLUTE
    __ARM_exceptions_init                     - Undefined Weak Reference
    __alloca_initialize                       - Undefined Weak Reference
    __arm_preinit_                            - Undefined Weak Reference
    __cpp_initialize__aeabi_                  - Undefined Weak Reference
    __cxa_finalize                            - Undefined Weak Reference
    __rt_locale                               - Undefined Weak Reference
    __sigvec_lookup                           - Undefined Weak Reference
    _atexit_init                              - Undefined Weak Reference
    _call_atexit_fns                          - Undefined Weak Reference
    _clock_init                               - Undefined Weak Reference
    _fp_trap_init                             - Undefined Weak Reference
    _fp_trap_shutdown                         - Undefined Weak Reference
    _get_lc_collate                           - Undefined Weak Reference
    _get_lc_ctype                             - Undefined Weak Reference
    _get_lc_monetary                          - Undefined Weak Reference
    _get_lc_numeric                           - Undefined Weak Reference
    _get_lc_time                              - Undefined Weak Reference
    _getenv_init                              - Undefined Weak Reference
    _handle_redirection                       - Undefined Weak Reference
    _init_alloc                               - Undefined Weak Reference
    _init_user_alloc                          - Undefined Weak Reference
    _initio                                   - Undefined Weak Reference
    _rand_init                                - Undefined Weak Reference
    _signal_finish                            - Undefined Weak Reference
    _signal_init                              - Undefined Weak Reference
    _terminate_alloc                          - Undefined Weak Reference
    _terminate_user_alloc                     - Undefined Weak Reference
    _terminateio                              - Undefined Weak Reference
    __Vectors_Size                           0x000000c0   Number         0  startup_stm32f0xx_mdk_arm.o ABSOLUTE
    __Vectors                                0x08000000   Data           4  startup_stm32f0xx_mdk_arm.o(RESET)
    __Vectors_End                            0x080000c0   Data           0  startup_stm32f0xx_mdk_arm.o(RESET)
    __main                                   0x080000c1   Thumb Code     8  __main.o(!!!main)
    __scatterload                            0x080000c9   Thumb Code     0  __scatter.o(!!!scatter)
    __scatterload_rt2                        0x080000c9   Thumb Code    52  __scatter.o(!!!scatter)
    __scatterload_rt2_thumb_only             0x080000c9   Thumb Code     0  __scatter.o(!!!scatter)
    __scatterload_null                       0x080000d9   Thumb Code     0  __scatter.o(!!!scatter)
    __scatterload_copy                       0x08000105   Thumb Code    26  __scatter_copy.o(!!handler_copy)
    __scatterload_zeroinit                   0x08000121   Thumb Code    28  __scatter_zi.o(!!handler_zi)
    __rt_lib_init                            0x0800013d   Thumb Code     0  libinit.o(.ARM.Collect$$libinit$$00000000)
    __rt_lib_init_alloca_1                   0x0800013f   Thumb Code     0  libinit2.o(.ARM.Collect$$libinit$$0000002E)
    __rt_lib_init_argv_1                     0x0800013f   Thumb Code     0  libinit2.o(.ARM.Collect$$libinit$$0000002C)
    __rt_lib_init_atexit_1                   0x0800013f   Thumb Code     0  libinit2.o(.ARM.Collect$$libinit$$0000001B)
    __rt_lib_init_clock_1                    0x0800013f   Thumb Code     0  libinit2.o(.ARM.Collect$$libinit$$00000021)
    __rt_lib_init_cpp_1                      0x0800013f   Thumb Code     0  libinit2.o(.ARM.Collect$$libinit$$00000032)
    __rt_lib_init_exceptions_1               0x0800013f   Thumb Code     0  libinit2.o(.ARM.Collect$$libinit$$00000030)
    __rt_lib_init_fp_1                       0x0800013f   Thumb Code     0  libinit2.o(.ARM.Collect$$libinit$$00000002)
    __rt_lib_init_fp_trap_1                  0x0800013f   Thumb Code     0  libinit2.o(.ARM.Collect$$libinit$$0000001F)
    __rt_lib_init_getenv_1                   0x0800013f   Thumb Code     0  libinit2.o(.ARM.Collect$$libinit$$00000023)
    __rt_lib_init_heap_1                     0x0800013f   Thumb Code     0  libinit2.o(.ARM.Collect$$libinit$$0000000A)
    __rt_lib_init_lc_collate_1               0x0800013f   Thumb Code     0  libinit2.o(.ARM.Collect$$libinit$$00000011)
    __rt_lib_init_lc_ctype_1                 0x0800013f   Thumb Code     0  libinit2.o(.ARM.Collect$$libinit$$00000013)
    __rt_lib_init_lc_monetary_1              0x0800013f   Thumb Code     0  libinit2.o(.ARM.Collect$$libinit$$00000015)
    __rt_lib_init_lc_numeric_1               0x0800013f   Thumb Code     0  libinit2.o(.ARM.Collect$$libinit$$00000017)
    __rt_lib_init_lc_time_1                  0x0800013f   Thumb Code     0  libinit2.o(.ARM.Collect$$libinit$$00000019)
    __rt_lib_init_preinit_1                  0x0800013f   Thumb Code     0  libinit2.o(.ARM.Collect$$libinit$$00000004)
    __rt_lib_init_rand_1                     0x0800013f   Thumb Code     0  libinit2.o(.ARM.Collect$$libinit$$0000000E)
    __rt_lib_init_return                     0x0800013f   Thumb Code     0  libinit2.o(.ARM.Collect$$libinit$$00000033)
    __rt_lib_init_signal_1                   0x0800013f   Thumb Code     0  libinit2.o(.ARM.Collect$$libinit$$0000001D)
    __rt_lib_init_stdio_1                    0x0800013f   Thumb Code     0  libinit2.o(.ARM.Collect$$libinit$$00000025)
    __rt_lib_init_user_alloc_1               0x0800013f   Thumb Code     0  libinit2.o(.ARM.Collect$$libinit$$0000000C)
    __rt_lib_shutdown                        0x08000141   Thumb Code     0  libshutdown.o(.ARM.Collect$$libshutdown$$00000000)
    __rt_lib_shutdown_cpp_1                  0x08000143   Thumb Code     0  libshutdown2.o(.ARM.Collect$$libshutdown$$00000002)
    __rt_lib_shutdown_fp_trap_1              0x08000143   Thumb Code     0  libshutdown2.o(.ARM.Collect$$libshutdown$$00000007)
    __rt_lib_shutdown_heap_1                 0x08000143   Thumb Code     0  libshutdown2.o(.ARM.Collect$$libshutdown$$0000000F)
    __rt_lib_shutdown_return                 0x08000143   Thumb Code     0  libshutdown2.o(.ARM.Collect$$libshutdown$$00000010)
    __rt_lib_shutdown_signal_1               0x08000143   Thumb Code     0  libshutdown2.o(.ARM.Collect$$libshutdown$$0000000A)
    __rt_lib_shutdown_stdio_1                0x08000143   Thumb Code     0  libshutdown2.o(.ARM.Collect$$libshutdown$$00000004)
    __rt_lib_shutdown_user_alloc_1           0x08000143   Thumb Code     0  libshutdown2.o(.ARM.Collect$$libshutdown$$0000000C)
    __rt_entry                               0x08000145   Thumb Code     0  __rtentry.o(.ARM.Collect$$rtentry$$00000000)
    __rt_entry_presh_1                       0x08000145   Thumb Code     0  __rtentry2.o(.ARM.Collect$$rtentry$$00000002)
    __rt_entry_sh                            0x08000145   Thumb Code     0  __rtentry4.o(.ARM.Collect$$rtentry$$00000004)
    __rt_entry_li                            0x0800014b   Thumb Code     0  __rtentry2.o(.ARM.Collect$$rtentry$$0000000A)
    __rt_entry_postsh_1                      0x0800014b   Thumb Code     0  __rtentry2.o(.ARM.Collect$$rtentry$$00000009)
    __rt_entry_main                          0x0800014f   Thumb Code     0  __rtentry2.o(.ARM.Collect$$rtentry$$0000000D)
    __rt_entry_postli_1                      0x0800014f   Thumb Code     0  __rtentry2.o(.ARM.Collect$$rtentry$$0000000C)
    __rt_exit                                0x08000157   Thumb Code     0  rtexit.o(.ARM.Collect$$rtexit$$00000000)
    __rt_exit_ls                             0x08000159   Thumb Code     0  rtexit2.o(.ARM.Collect$$rtexit$$00000003)
    __rt_exit_prels_1                        0x08000159   Thumb Code     0  rtexit2.o(.ARM.Collect$$rtexit$$00000002)
    __rt_exit_exit                           0x0800015d   Thumb Code     0  rtexit2.o(.ARM.Collect$$rtexit$$00000004)
    main                                     0x08000165   Thumb Code  1092  main.o(.text)
    TIM17_IRQHandler                         0x080005a9   Thumb Code   234  blinker.o(.text)
    set_blink_style                          0x08000693   Thumb Code    26  blinker.o(.text)
    init_blinker                             0x080006ad   Thumb Code   120  blinker.o(.text)
    I2C_WrReg                                0x0800073d   Thumb Code   208  mpu6050.o(.text)
    ReadMPU                                  0x0800080d   Thumb Code   586  mpu6050.o(.text)
    init_MPU6050                             0x08000a57   Thumb Code   154  mpu6050.o(.text)
    init_ADC                                 0x08000b0d   Thumb Code   126  adc.o(.text)
    ADC1_COMP_IRQHandler                     0x08000b8b   Thumb Code    42  adc.o(.text)
    micros                                   0x08000bc1   Thumb Code    14  timer.o(.text)
    millis                                   0x08000bcf   Thumb Code    18  timer.o(.text)
    delay_micros                             0x08000be1   Thumb Code    24  timer.o(.text)
    TIM3_IRQHandler                          0x08000bf9   Thumb Code    32  timer.o(.text)
    init_timer                               0x08000c19   Thumb Code    74  timer.o(.text)
    NMI_Handler                              0x08000c71   Thumb Code     2  stm32f0xx_it.o(.text)
    HardFault_Handler                        0x08000c73   Thumb Code     4  stm32f0xx_it.o(.text)
    SVC_Handler                              0x08000c77   Thumb Code     2  stm32f0xx_it.o(.text)
    PendSV_Handler                           0x08000c79   Thumb Code     2  stm32f0xx_it.o(.text)
    SystemInit                               0x08000cf3   Thumb Code   110  system_stm32f0xx.o(.text)
    SystemCoreClockUpdate                    0x08000d61   Thumb Code   154  system_stm32f0xx.o(.text)
    nrfReadReg                               0x08000e57   Thumb Code    62  nrf24.o(.text)
    nrfWriteReg                              0x08000e95   Thumb Code    68  nrf24.o(.text)
    nrfWrite1Reg                             0x08000ed9   Thumb Code    16  nrf24.o(.text)
    nrfRead1Reg                              0x08000ee9   Thumb Code    20  nrf24.o(.text)
    nrfNop                                   0x08000efd   Thumb Code    38  nrf24.o(.text)
    nrfFlushRx                               0x08000f23   Thumb Code    38  nrf24.o(.text)
    nrfFlushTx                               0x08000f49   Thumb Code    38  nrf24.o(.text)
    nrfRxLength                              0x08000f6f   Thumb Code    44  nrf24.o(.text)
    nrfActivate                              0x08000f9b   Thumb Code    44  nrf24.o(.text)
    nrfActivateBK2423                        0x08000fc7   Thumb Code    44  nrf24.o(.text)
    nrfWriteAck                              0x08000ff3   Thumb Code    68  nrf24.o(.text)
    nrfReadRX                                0x08001037   Thumb Code    58  nrf24.o(.text)
    nrfSendTX                                0x08001071   Thumb Code    58  nrf24.o(.text)
    nrfIsr                                   0x080010ab   Thumb Code    18  nrf24.o(.text)
    nrfSetInterruptCallback                  0x080010bd   Thumb Code     6  nrf24.o(.text)
    nrfSetChannel                            0x080010c3   Thumb Code    18  nrf24.o(.text)
    nrfSetDatarate                           0x080010d5   Thumb Code    52  nrf24.o(.text)
    nrfSetAddress                            0x08001109   Thumb Code    30  nrf24.o(.text)
    nrfSetEnable                             0x08001127   Thumb Code    32  nrf24.o(.text)
    nrfGetStatus                             0x08001147   Thumb Code     8  nrf24.o(.text)
    nrfInit                                  0x0800114f   Thumb Code   258  nrf24.o(.text)
    nrfTest                                  0x08001251   Thumb Code     6  nrf24.o(.text)
    init_rf                                  0x08001261   Thumb Code   130  proto_blue.o(.text)
    bind_rf                                  0x080012e3   Thumb Code   586  proto_blue.o(.text)
    rx_rf                                    0x0800152d   Thumb Code   518  proto_blue.o(.text)
    init_motorpwm                            0x0800174d   Thumb Code   194  motorpwm.o(.text)
    set_motorpwm                             0x0800180f   Thumb Code   808  motorpwm.o(.text)
    ADC_DeInit                               0x08001b3d   Thumb Code    28  stm32f0xx_adc.o(.text)
    ADC_Init                                 0x08001b59   Thumb Code    40  stm32f0xx_adc.o(.text)
    ADC_StructInit                           0x08001b81   Thumb Code    16  stm32f0xx_adc.o(.text)
    ADC_Cmd                                  0x08001b91   Thumb Code    24  stm32f0xx_adc.o(.text)
    ADC_ClockModeConfig                      0x08001ba9   Thumb Code     4  stm32f0xx_adc.o(.text)
    ADC_JitterCmd                            0x08001bad   Thumb Code    20  stm32f0xx_adc.o(.text)
    ADC_AutoPowerOffCmd                      0x08001bc1   Thumb Code    28  stm32f0xx_adc.o(.text)
    ADC_WaitModeCmd                          0x08001bdd   Thumb Code    28  stm32f0xx_adc.o(.text)
    ADC_AnalogWatchdogCmd                    0x08001bf9   Thumb Code    28  stm32f0xx_adc.o(.text)
    ADC_AnalogWatchdogThresholdsConfig       0x08001c15   Thumb Code     8  stm32f0xx_adc.o(.text)
    ADC_AnalogWatchdogSingleChannelConfig    0x08001c1d   Thumb Code    28  stm32f0xx_adc.o(.text)
    ADC_AnalogWatchdogSingleChannelCmd       0x08001c39   Thumb Code    28  stm32f0xx_adc.o(.text)
    ADC_TempSensorCmd                        0x08001c55   Thumb Code    36  stm32f0xx_adc.o(.text)
    ADC_VrefintCmd                           0x08001c79   Thumb Code    36  stm32f0xx_adc.o(.text)
    ADC_VbatCmd                              0x08001c9d   Thumb Code    36  stm32f0xx_adc.o(.text)
    ADC_ChannelConfig                        0x08001cc1   Thumb Code    24  stm32f0xx_adc.o(.text)
    ADC_ContinuousModeCmd                    0x08001cd9   Thumb Code    28  stm32f0xx_adc.o(.text)
    ADC_DiscModeCmd                          0x08001cf5   Thumb Code    28  stm32f0xx_adc.o(.text)
    ADC_OverrunModeCmd                       0x08001d11   Thumb Code    28  stm32f0xx_adc.o(.text)
    ADC_GetCalibrationFactor                 0x08001d2d   Thumb Code    60  stm32f0xx_adc.o(.text)
    ADC_StopOfConversion                     0x08001d69   Thumb Code    10  stm32f0xx_adc.o(.text)
    ADC_StartOfConversion                    0x08001d73   Thumb Code    10  stm32f0xx_adc.o(.text)
    ADC_GetConversionValue                   0x08001d7d   Thumb Code     8  stm32f0xx_adc.o(.text)
    ADC_DMACmd                               0x08001d85   Thumb Code    24  stm32f0xx_adc.o(.text)
    ADC_DMARequestModeConfig                 0x08001d9d   Thumb Code    16  stm32f0xx_adc.o(.text)
    ADC_ITConfig                             0x08001dad   Thumb Code    20  stm32f0xx_adc.o(.text)
    ADC_GetFlagStatus                        0x08001dc1   Thumb Code    48  stm32f0xx_adc.o(.text)
    ADC_ClearFlag                            0x08001df1   Thumb Code     4  stm32f0xx_adc.o(.text)
    ADC_GetITStatus                          0x08001df5   Thumb Code    34  stm32f0xx_adc.o(.text)
    ADC_ClearITPendingBit                    0x08001e17   Thumb Code     4  stm32f0xx_adc.o(.text)
    GPIO_DeInit                              0x08001e29   Thumb Code   156  stm32f0xx_gpio.o(.text)
    GPIO_Init                                0x08001ec5   Thumb Code   144  stm32f0xx_gpio.o(.text)
    GPIO_StructInit                          0x08001f55   Thumb Code    20  stm32f0xx_gpio.o(.text)
    GPIO_PinLockConfig                       0x08001f69   Thumb Code    34  stm32f0xx_gpio.o(.text)
    GPIO_ReadInputDataBit                    0x08001f8b   Thumb Code    20  stm32f0xx_gpio.o(.text)
    GPIO_ReadInputData                       0x08001f9f   Thumb Code     6  stm32f0xx_gpio.o(.text)
    GPIO_ReadOutputDataBit                   0x08001fa5   Thumb Code    20  stm32f0xx_gpio.o(.text)
    GPIO_ReadOutputData                      0x08001fb9   Thumb Code     6  stm32f0xx_gpio.o(.text)
    GPIO_SetBits                             0x08001fbf   Thumb Code     4  stm32f0xx_gpio.o(.text)
    GPIO_ResetBits                           0x08001fc3   Thumb Code     4  stm32f0xx_gpio.o(.text)
    GPIO_WriteBit                            0x08001fc7   Thumb Code    12  stm32f0xx_gpio.o(.text)
    GPIO_Write                               0x08001fd3   Thumb Code     4  stm32f0xx_gpio.o(.text)
    GPIO_PinAFConfig                         0x08001fd7   Thumb Code    68  stm32f0xx_gpio.o(.text)
    I2C_DeInit                               0x08002035   Thumb Code    50  stm32f0xx_i2c.o(.text)
    I2C_Init                                 0x08002067   Thumb Code    98  stm32f0xx_i2c.o(.text)
    I2C_StructInit                           0x080020c9   Thumb Code    24  stm32f0xx_i2c.o(.text)
    I2C_Cmd                                  0x080020e1   Thumb Code    24  stm32f0xx_i2c.o(.text)
    I2C_SoftwareResetCmd                     0x080020f9   Thumb Code    20  stm32f0xx_i2c.o(.text)
    I2C_ITConfig                             0x0800210d   Thumb Code    20  stm32f0xx_i2c.o(.text)
    I2C_StretchClockCmd                      0x08002121   Thumb Code    28  stm32f0xx_i2c.o(.text)
    I2C_StopModeCmd                          0x0800213d   Thumb Code    28  stm32f0xx_i2c.o(.text)
    I2C_DualAddressCmd                       0x08002159   Thumb Code    28  stm32f0xx_i2c.o(.text)
    I2C_OwnAddress2Config                    0x08002175   Thumb Code    32  stm32f0xx_i2c.o(.text)
    I2C_GeneralCallCmd                       0x08002195   Thumb Code    28  stm32f0xx_i2c.o(.text)
    I2C_SlaveByteControlCmd                  0x080021b1   Thumb Code    28  stm32f0xx_i2c.o(.text)
    I2C_SlaveAddressConfig                   0x080021cd   Thumb Code    20  stm32f0xx_i2c.o(.text)
    I2C_10BitAddressingModeCmd               0x080021e1   Thumb Code    28  stm32f0xx_i2c.o(.text)
    I2C_AutoEndCmd                           0x080021fd   Thumb Code    28  stm32f0xx_i2c.o(.text)
    I2C_ReloadCmd                            0x08002219   Thumb Code    28  stm32f0xx_i2c.o(.text)
    I2C_NumberOfBytesConfig                  0x08002235   Thumb Code    28  stm32f0xx_i2c.o(.text)
    I2C_MasterRequestConfig                  0x08002251   Thumb Code    28  stm32f0xx_i2c.o(.text)
    I2C_GenerateSTART                        0x0800226d   Thumb Code    28  stm32f0xx_i2c.o(.text)
    I2C_GenerateSTOP                         0x08002289   Thumb Code    28  stm32f0xx_i2c.o(.text)
    I2C_10BitAddressHeaderCmd                0x080022a5   Thumb Code    28  stm32f0xx_i2c.o(.text)
    I2C_AcknowledgeConfig                    0x080022c1   Thumb Code    28  stm32f0xx_i2c.o(.text)
    I2C_GetAddressMatched                    0x080022dd   Thumb Code    14  stm32f0xx_i2c.o(.text)
    I2C_GetTransferDirection                 0x080022eb   Thumb Code    30  stm32f0xx_i2c.o(.text)
    I2C_TransferHandling                     0x08002309   Thumb Code    38  stm32f0xx_i2c.o(.text)
    I2C_SMBusAlertCmd                        0x0800232f   Thumb Code    28  stm32f0xx_i2c.o(.text)
    I2C_ClockTimeoutCmd                      0x0800234b   Thumb Code    28  stm32f0xx_i2c.o(.text)
    I2C_ExtendedClockTimeoutCmd              0x08002367   Thumb Code    26  stm32f0xx_i2c.o(.text)
    I2C_IdleClockTimeoutCmd                  0x08002381   Thumb Code    28  stm32f0xx_i2c.o(.text)
    I2C_TimeoutAConfig                       0x0800239d   Thumb Code    20  stm32f0xx_i2c.o(.text)
    I2C_TimeoutBConfig                       0x080023b1   Thumb Code    26  stm32f0xx_i2c.o(.text)
    I2C_CalculatePEC                         0x080023cb   Thumb Code    28  stm32f0xx_i2c.o(.text)
    I2C_PECRequestCmd                        0x080023e7   Thumb Code    28  stm32f0xx_i2c.o(.text)
    I2C_GetPEC                               0x08002403   Thumb Code     8  stm32f0xx_i2c.o(.text)
    I2C_ReadRegister                         0x0800240b   Thumb Code    46  stm32f0xx_i2c.o(.text)
    I2C_SendData                             0x08002439   Thumb Code     4  stm32f0xx_i2c.o(.text)
    I2C_ReceiveData                          0x0800243d   Thumb Code     8  stm32f0xx_i2c.o(.text)
    I2C_DMACmd                               0x08002445   Thumb Code    20  stm32f0xx_i2c.o(.text)
    I2C_GetFlagStatus                        0x08002459   Thumb Code    28  stm32f0xx_i2c.o(.text)
    I2C_ClearFlag                            0x08002475   Thumb Code     4  stm32f0xx_i2c.o(.text)
    I2C_GetITStatus                          0x08002479   Thumb Code    78  stm32f0xx_i2c.o(.text)
    I2C_ClearITPendingBit                    0x080024c7   Thumb Code     4  stm32f0xx_i2c.o(.text)
    RCC_DeInit                               0x080024cd   Thumb Code   104  stm32f0xx_rcc.o(.text)
    RCC_HSEConfig                            0x08002535   Thumb Code    12  stm32f0xx_rcc.o(.text)
    RCC_GetFlagStatus                        0x08002541   Thumb Code    68  stm32f0xx_rcc.o(.text)
    RCC_WaitForHSEStartUp                    0x08002585   Thumb Code    60  stm32f0xx_rcc.o(.text)
    RCC_AdjustHSICalibrationValue            0x080025c1   Thumb Code    26  stm32f0xx_rcc.o(.text)
    RCC_HSICmd                               0x080025db   Thumb Code    32  stm32f0xx_rcc.o(.text)
    RCC_AdjustHSI14CalibrationValue          0x080025fb   Thumb Code    26  stm32f0xx_rcc.o(.text)
    RCC_HSI14Cmd                             0x08002615   Thumb Code    32  stm32f0xx_rcc.o(.text)
    RCC_HSI14ADCRequestCmd                   0x08002635   Thumb Code    32  stm32f0xx_rcc.o(.text)
    RCC_LSEConfig                            0x08002655   Thumb Code    34  stm32f0xx_rcc.o(.text)
    RCC_LSEDriveConfig                       0x08002677   Thumb Code    22  stm32f0xx_rcc.o(.text)
    RCC_LSICmd                               0x0800268d   Thumb Code    32  stm32f0xx_rcc.o(.text)
    RCC_PLLConfig                            0x080026ad   Thumb Code    30  stm32f0xx_rcc.o(.text)
    RCC_PLLCmd                               0x080026cb   Thumb Code    36  stm32f0xx_rcc.o(.text)
    RCC_HSI48Cmd                             0x080026ef   Thumb Code    36  stm32f0xx_rcc.o(.text)
    RCC_PREDIV1Config                        0x08002713   Thumb Code    24  stm32f0xx_rcc.o(.text)
    RCC_ClockSecuritySystemCmd               0x0800272b   Thumb Code    36  stm32f0xx_rcc.o(.text)
    RCC_MCOConfig                            0x0800274f   Thumb Code     6  stm32f0xx_rcc.o(.text)
    RCC_SYSCLKConfig                         0x08002755   Thumb Code    24  stm32f0xx_rcc.o(.text)
    RCC_GetSYSCLKSource                      0x0800276d   Thumb Code    10  stm32f0xx_rcc.o(.text)
    RCC_HCLKConfig                           0x08002777   Thumb Code    28  stm32f0xx_rcc.o(.text)
    RCC_PCLKConfig                           0x08002793   Thumb Code    30  stm32f0xx_rcc.o(.text)
    RCC_ADCCLKConfig                         0x080027b1   Thumb Code    52  stm32f0xx_rcc.o(.text)
    RCC_CECCLKConfig                         0x080027e5   Thumb Code    22  stm32f0xx_rcc.o(.text)
    RCC_I2CCLKConfig                         0x080027fb   Thumb Code    22  stm32f0xx_rcc.o(.text)
    RCC_USARTCLKConfig                       0x08002811   Thumb Code    48  stm32f0xx_rcc.o(.text)
    RCC_USBCLKConfig                         0x08002841   Thumb Code    22  stm32f0xx_rcc.o(.text)
    RCC_GetClocksFreq                        0x08002857   Thumb Code   490  stm32f0xx_rcc.o(.text)
    RCC_RTCCLKConfig                         0x08002a41   Thumb Code    12  stm32f0xx_rcc.o(.text)
    RCC_RTCCLKCmd                            0x08002a4d   Thumb Code    36  stm32f0xx_rcc.o(.text)
    RCC_BackupResetCmd                       0x08002a71   Thumb Code    36  stm32f0xx_rcc.o(.text)
    RCC_AHBPeriphClockCmd                    0x08002a95   Thumb Code    28  stm32f0xx_rcc.o(.text)
    RCC_APB2PeriphClockCmd                   0x08002ab1   Thumb Code    28  stm32f0xx_rcc.o(.text)
    RCC_APB1PeriphClockCmd                   0x08002acd   Thumb Code    28  stm32f0xx_rcc.o(.text)
    RCC_AHBPeriphResetCmd                    0x08002ae9   Thumb Code    28  stm32f0xx_rcc.o(.text)
    RCC_APB2PeriphResetCmd                   0x08002b05   Thumb Code    28  stm32f0xx_rcc.o(.text)
    RCC_APB1PeriphResetCmd                   0x08002b21   Thumb Code    28  stm32f0xx_rcc.o(.text)
    RCC_ITConfig                             0x08002b3d   Thumb Code    28  stm32f0xx_rcc.o(.text)
    RCC_ClearFlag                            0x08002b59   Thumb Code    16  stm32f0xx_rcc.o(.text)
    RCC_GetITStatus                          0x08002b69   Thumb Code    22  stm32f0xx_rcc.o(.text)
    RCC_ClearITPendingBit                    0x08002b7f   Thumb Code     6  stm32f0xx_rcc.o(.text)
    SPI_I2S_DeInit                           0x08002b9d   Thumb Code    52  stm32f0xx_spi.o(.text)
    SPI_StructInit                           0x08002bd1   Thumb Code    30  stm32f0xx_spi.o(.text)
    SPI_Init                                 0x08002bef   Thumb Code    76  stm32f0xx_spi.o(.text)
    I2S_StructInit                           0x08002c3b   Thumb Code    20  stm32f0xx_spi.o(.text)
    I2S_Init                                 0x08002c4f   Thumb Code   228  stm32f0xx_spi.o(.text)
    SPI_Cmd                                  0x08002d33   Thumb Code    26  stm32f0xx_spi.o(.text)
    SPI_TIModeCmd                            0x08002d4d   Thumb Code    26  stm32f0xx_spi.o(.text)
    I2S_Cmd                                  0x08002d67   Thumb Code    26  stm32f0xx_spi.o(.text)
    SPI_DataSizeConfig                       0x08002d81   Thumb Code    20  stm32f0xx_spi.o(.text)
    SPI_RxFIFOThresholdConfig                0x08002d95   Thumb Code    16  stm32f0xx_spi.o(.text)
    SPI_BiDirectionalLineConfig              0x08002da5   Thumb Code    28  stm32f0xx_spi.o(.text)
    SPI_NSSInternalSoftwareConfig            0x08002dc1   Thumb Code    32  stm32f0xx_spi.o(.text)
    SPI_SSOutputCmd                          0x08002de1   Thumb Code    24  stm32f0xx_spi.o(.text)
    SPI_NSSPulseModeCmd                      0x08002df9   Thumb Code    26  stm32f0xx_spi.o(.text)
    SPI_SendData8                            0x08002e13   Thumb Code    10  stm32f0xx_spi.o(.text)
    SPI_I2S_SendData16                       0x08002e1d   Thumb Code     4  stm32f0xx_spi.o(.text)
    SPI_ReceiveData8                         0x08002e21   Thumb Code    12  stm32f0xx_spi.o(.text)
    SPI_I2S_ReceiveData16                    0x08002e2d   Thumb Code     6  stm32f0xx_spi.o(.text)
    SPI_CRCLengthConfig                      0x08002e33   Thumb Code    16  stm32f0xx_spi.o(.text)
    SPI_CalculateCRC                         0x08002e43   Thumb Code    26  stm32f0xx_spi.o(.text)
    SPI_TransmitCRC                          0x08002e5d   Thumb Code    12  stm32f0xx_spi.o(.text)
    SPI_GetCRC                               0x08002e69   Thumb Code    16  stm32f0xx_spi.o(.text)
    SPI_GetCRCPolynomial                     0x08002e79   Thumb Code     6  stm32f0xx_spi.o(.text)
    SPI_I2S_DMACmd                           0x08002e7f   Thumb Code    20  stm32f0xx_spi.o(.text)
    SPI_LastDMATransferCmd                   0x08002e93   Thumb Code    16  stm32f0xx_spi.o(.text)
    SPI_I2S_ITConfig                         0x08002ea3   Thumb Code    34  stm32f0xx_spi.o(.text)
    SPI_GetTransmissionFIFOStatus            0x08002ec5   Thumb Code    12  stm32f0xx_spi.o(.text)
    SPI_GetReceptionFIFOStatus               0x08002ed1   Thumb Code    12  stm32f0xx_spi.o(.text)
    SPI_I2S_GetFlagStatus                    0x08002edd   Thumb Code    20  stm32f0xx_spi.o(.text)
    SPI_I2S_ClearFlag                        0x08002ef1   Thumb Code     6  stm32f0xx_spi.o(.text)
    SPI_I2S_GetITStatus                      0x08002ef7   Thumb Code    56  stm32f0xx_spi.o(.text)
    TIM_DeInit                               0x08002f59   Thumb Code   228  stm32f0xx_tim.o(.text)
    TIM_TimeBaseInit                         0x0800303d   Thumb Code    90  stm32f0xx_tim.o(.text)
    TIM_TimeBaseStructInit                   0x08003097   Thumb Code    18  stm32f0xx_tim.o(.text)
    TIM_PrescalerConfig                      0x080030a9   Thumb Code     6  stm32f0xx_tim.o(.text)
    TIM_CounterModeConfig                    0x080030af   Thumb Code    20  stm32f0xx_tim.o(.text)
    TIM_SetCounter                           0x080030c3   Thumb Code     4  stm32f0xx_tim.o(.text)
    TIM_SetAutoreload                        0x080030c7   Thumb Code     4  stm32f0xx_tim.o(.text)
    TIM_GetCounter                           0x080030cb   Thumb Code     6  stm32f0xx_tim.o(.text)
    TIM_GetPrescaler                         0x080030d1   Thumb Code     6  stm32f0xx_tim.o(.text)
    TIM_UpdateDisableConfig                  0x080030d7   Thumb Code    26  stm32f0xx_tim.o(.text)
    TIM_UpdateRequestConfig                  0x080030f1   Thumb Code    26  stm32f0xx_tim.o(.text)
    TIM_ARRPreloadConfig                     0x0800310b   Thumb Code    26  stm32f0xx_tim.o(.text)
    TIM_SelectOnePulseMode                   0x08003125   Thumb Code    18  stm32f0xx_tim.o(.text)
    TIM_SetClockDivision                     0x08003137   Thumb Code    16  stm32f0xx_tim.o(.text)
    TIM_Cmd                                  0x08003147   Thumb Code    26  stm32f0xx_tim.o(.text)
    TIM_BDTRConfig                           0x08003161   Thumb Code    32  stm32f0xx_tim.o(.text)
    TIM_BDTRStructInit                       0x08003181   Thumb Code    18  stm32f0xx_tim.o(.text)
    TIM_CtrlPWMOutputs                       0x08003193   Thumb Code    34  stm32f0xx_tim.o(.text)
    TIM_OC1Init                              0x080031b5   Thumb Code   122  stm32f0xx_tim.o(.text)
    TIM_OC2Init                              0x0800322f   Thumb Code   144  stm32f0xx_tim.o(.text)
    TIM_OC3Init                              0x080032bf   Thumb Code   190  stm32f0xx_tim.o(.text)
    TIM_OC4Init                              0x0800337d   Thumb Code    88  stm32f0xx_tim.o(.text)
    TIM_OCStructInit                         0x080033d5   Thumb Code    20  stm32f0xx_tim.o(.text)
    TIM_SelectOCxM                           0x080033e9   Thumb Code    82  stm32f0xx_tim.o(.text)
    TIM_SetCompare1                          0x0800343b   Thumb Code     4  stm32f0xx_tim.o(.text)
    TIM_SetCompare2                          0x0800343f   Thumb Code     4  stm32f0xx_tim.o(.text)
    TIM_SetCompare3                          0x08003443   Thumb Code     4  stm32f0xx_tim.o(.text)
    TIM_SetCompare4                          0x08003447   Thumb Code     4  stm32f0xx_tim.o(.text)
    TIM_ForcedOC1Config                      0x0800344b   Thumb Code    20  stm32f0xx_tim.o(.text)
    TIM_ForcedOC2Config                      0x0800345f   Thumb Code    20  stm32f0xx_tim.o(.text)
    TIM_ForcedOC3Config                      0x08003473   Thumb Code    20  stm32f0xx_tim.o(.text)
    TIM_ForcedOC4Config                      0x08003487   Thumb Code    20  stm32f0xx_tim.o(.text)
    TIM_CCPreloadControl                     0x0800349b   Thumb Code    26  stm32f0xx_tim.o(.text)
    TIM_OC1PreloadConfig                     0x080034b5   Thumb Code    22  stm32f0xx_tim.o(.text)
    TIM_OC2PreloadConfig                     0x080034cb   Thumb Code    20  stm32f0xx_tim.o(.text)
    TIM_OC3PreloadConfig                     0x080034df   Thumb Code    22  stm32f0xx_tim.o(.text)
    TIM_OC4PreloadConfig                     0x080034f5   Thumb Code    20  stm32f0xx_tim.o(.text)
    TIM_OC1FastConfig                        0x08003509   Thumb Code    22  stm32f0xx_tim.o(.text)
    TIM_OC2FastConfig                        0x0800351f   Thumb Code    20  stm32f0xx_tim.o(.text)
    TIM_OC3FastConfig                        0x08003533   Thumb Code    22  stm32f0xx_tim.o(.text)
    TIM_OC4FastConfig                        0x08003549   Thumb Code    20  stm32f0xx_tim.o(.text)
    TIM_ClearOC1Ref                          0x0800355d   Thumb Code    22  stm32f0xx_tim.o(.text)
    TIM_ClearOC2Ref                          0x08003573   Thumb Code    20  stm32f0xx_tim.o(.text)
    TIM_ClearOC3Ref                          0x08003587   Thumb Code    22  stm32f0xx_tim.o(.text)
    TIM_ClearOC4Ref                          0x0800359d   Thumb Code    20  stm32f0xx_tim.o(.text)
    TIM_OC1PolarityConfig                    0x080035b1   Thumb Code    22  stm32f0xx_tim.o(.text)
    TIM_OC1NPolarityConfig                   0x080035c7   Thumb Code    22  stm32f0xx_tim.o(.text)
    TIM_OC2PolarityConfig                    0x080035dd   Thumb Code    22  stm32f0xx_tim.o(.text)
    TIM_OC2NPolarityConfig                   0x080035f3   Thumb Code    22  stm32f0xx_tim.o(.text)
    TIM_OC3PolarityConfig                    0x08003609   Thumb Code    20  stm32f0xx_tim.o(.text)
    TIM_OC3NPolarityConfig                   0x0800361d   Thumb Code    20  stm32f0xx_tim.o(.text)
    TIM_OC4PolarityConfig                    0x08003631   Thumb Code    20  stm32f0xx_tim.o(.text)
    TIM_SelectOCREFClear                     0x08003645   Thumb Code    18  stm32f0xx_tim.o(.text)
    TIM_CCxCmd                               0x08003657   Thumb Code    30  stm32f0xx_tim.o(.text)
    TIM_CCxNCmd                              0x08003675   Thumb Code    30  stm32f0xx_tim.o(.text)
    TIM_SelectCOM                            0x08003693   Thumb Code    26  stm32f0xx_tim.o(.text)
    TIM_SetIC4Prescaler                      0x080036ad   Thumb Code    20  stm32f0xx_tim.o(.text)
    TIM_SetIC3Prescaler                      0x08003703   Thumb Code    18  stm32f0xx_tim.o(.text)
    TIM_SetIC2Prescaler                      0x08003757   Thumb Code    78  stm32f0xx_tim.o(.text)
    TIM_SetIC1Prescaler                      0x080037e7   Thumb Code    18  stm32f0xx_tim.o(.text)
    TIM_ICInit                               0x0800382f   Thumb Code   112  stm32f0xx_tim.o(.text)
    TIM_ICStructInit                         0x0800389f   Thumb Code    18  stm32f0xx_tim.o(.text)
    TIM_PWMIConfig                           0x080038b1   Thumb Code   124  stm32f0xx_tim.o(.text)
    TIM_GetCapture1                          0x0800392d   Thumb Code     6  stm32f0xx_tim.o(.text)
    TIM_GetCapture2                          0x08003933   Thumb Code     6  stm32f0xx_tim.o(.text)
    TIM_GetCapture3                          0x08003939   Thumb Code     6  stm32f0xx_tim.o(.text)
    TIM_GetCapture4                          0x0800393f   Thumb Code     6  stm32f0xx_tim.o(.text)
    TIM_ITConfig                             0x08003945   Thumb Code    20  stm32f0xx_tim.o(.text)
    TIM_GenerateEvent                        0x08003959   Thumb Code     4  stm32f0xx_tim.o(.text)
    TIM_GetFlagStatus                        0x0800395d   Thumb Code    20  stm32f0xx_tim.o(.text)
    TIM_ClearFlag                            0x08003971   Thumb Code     6  stm32f0xx_tim.o(.text)
    TIM_GetITStatus                          0x08003977   Thumb Code    38  stm32f0xx_tim.o(.text)
    TIM_ClearITPendingBit                    0x0800399d   Thumb Code     6  stm32f0xx_tim.o(.text)
    TIM_DMAConfig                            0x080039a3   Thumb Code    12  stm32f0xx_tim.o(.text)
    TIM_DMACmd                               0x080039af   Thumb Code    20  stm32f0xx_tim.o(.text)
    TIM_SelectCCDMA                          0x080039c3   Thumb Code    26  stm32f0xx_tim.o(.text)
    TIM_InternalClockConfig                  0x080039dd   Thumb Code    12  stm32f0xx_tim.o(.text)
    TIM_SelectInputTrigger                   0x080039e9   Thumb Code    22  stm32f0xx_tim.o(.text)
    TIM_ITRxExternalClockConfig              0x080039ff   Thumb Code    24  stm32f0xx_tim.o(.text)
    TIM_TIxExternalClockConfig               0x08003a17   Thumb Code    58  stm32f0xx_tim.o(.text)
    TIM_ETRConfig                            0x08003a51   Thumb Code    24  stm32f0xx_tim.o(.text)
    TIM_ETRClockMode1Config                  0x08003a69   Thumb Code    48  stm32f0xx_tim.o(.text)
    TIM_ETRClockMode2Config                  0x08003a99   Thumb Code    34  stm32f0xx_tim.o(.text)
    TIM_SelectOutputTrigger                  0x08003abb   Thumb Code    18  stm32f0xx_tim.o(.text)
    TIM_SelectSlaveMode                      0x08003acd   Thumb Code    18  stm32f0xx_tim.o(.text)
    TIM_SelectMasterSlaveMode                0x08003adf   Thumb Code    18  stm32f0xx_tim.o(.text)
    TIM_EncoderInterfaceConfig               0x08003af1   Thumb Code    60  stm32f0xx_tim.o(.text)
    TIM_SelectHallSensor                     0x08003b2d   Thumb Code    26  stm32f0xx_tim.o(.text)
    TIM_RemapConfig                          0x08003b47   Thumb Code     6  stm32f0xx_tim.o(.text)
    NVIC_Init                                0x08003b59   Thumb Code   106  stm32f0xx_misc.o(.text)
    NVIC_SystemLPConfig                      0x08003bc3   Thumb Code    28  stm32f0xx_misc.o(.text)
    SysTick_CLKSourceConfig                  0x08003bdf   Thumb Code    32  stm32f0xx_misc.o(.text)
    Reset_Handler                            0x08003c0d   Thumb Code    38  startup_stm32f0xx_mdk_arm.o(.text)
    SysTick_Handler                          0x08003c3b   Thumb Code     2  startup_stm32f0xx_mdk_arm.o(.text)
    CEC_IRQHandler                           0x08003c3d   Thumb Code     0  startup_stm32f0xx_mdk_arm.o(.text)
    DMA1_Channel1_IRQHandler                 0x08003c3d   Thumb Code     0  startup_stm32f0xx_mdk_arm.o(.text)
    DMA1_Channel2_3_IRQHandler               0x08003c3d   Thumb Code     0  startup_stm32f0xx_mdk_arm.o(.text)
    DMA1_Channel4_5_IRQHandler               0x08003c3d   Thumb Code     0  startup_stm32f0xx_mdk_arm.o(.text)
    EXTI0_1_IRQHandler                       0x08003c3d   Thumb Code     0  startup_stm32f0xx_mdk_arm.o(.text)
    EXTI2_3_IRQHandler                       0x08003c3d   Thumb Code     0  startup_stm32f0xx_mdk_arm.o(.text)
    EXTI4_15_IRQHandler                      0x08003c3d   Thumb Code     0  startup_stm32f0xx_mdk_arm.o(.text)
    FLASH_IRQHandler                         0x08003c3d   Thumb Code     0  startup_stm32f0xx_mdk_arm.o(.text)
    I2C1_IRQHandler                          0x08003c3d   Thumb Code     0  startup_stm32f0xx_mdk_arm.o(.text)
    I2C2_IRQHandler                          0x08003c3d   Thumb Code     0  startup_stm32f0xx_mdk_arm.o(.text)
    PVD_IRQHandler                           0x08003c3d   Thumb Code     0  startup_stm32f0xx_mdk_arm.o(.text)
    RCC_IRQHandler                           0x08003c3d   Thumb Code     0  startup_stm32f0xx_mdk_arm.o(.text)
    RTC_IRQHandler                           0x08003c3d   Thumb Code     0  startup_stm32f0xx_mdk_arm.o(.text)
    SPI1_IRQHandler                          0x08003c3d   Thumb Code     0  startup_stm32f0xx_mdk_arm.o(.text)
    SPI2_IRQHandler                          0x08003c3d   Thumb Code     0  startup_stm32f0xx_mdk_arm.o(.text)
    TIM14_IRQHandler                         0x08003c3d   Thumb Code     0  startup_stm32f0xx_mdk_arm.o(.text)
    TIM15_IRQHandler                         0x08003c3d   Thumb Code     0  startup_stm32f0xx_mdk_arm.o(.text)
    TIM16_IRQHandler                         0x08003c3d   Thumb Code     0  startup_stm32f0xx_mdk_arm.o(.text)
    TIM1_BRK_UP_TRG_COM_IRQHandler           0x08003c3d   Thumb Code     0  startup_stm32f0xx_mdk_arm.o(.text)
    TIM1_CC_IRQHandler                       0x08003c3d   Thumb Code     0  startup_stm32f0xx_mdk_arm.o(.text)
    TIM2_IRQHandler                          0x08003c3d   Thumb Code     0  startup_stm32f0xx_mdk_arm.o(.text)
    TIM6_DAC_IRQHandler                      0x08003c3d   Thumb Code     0  startup_stm32f0xx_mdk_arm.o(.text)
    TS_IRQHandler                            0x08003c3d   Thumb Code     0  startup_stm32f0xx_mdk_arm.o(.text)
    USART1_IRQHandler                        0x08003c3d   Thumb Code     0  startup_stm32f0xx_mdk_arm.o(.text)
    USART2_IRQHandler                        0x08003c3d   Thumb Code     0  startup_stm32f0xx_mdk_arm.o(.text)
    WWDG_IRQHandler                          0x08003c3d   Thumb Code     0  startup_stm32f0xx_mdk_arm.o(.text)
    __user_initial_stackheap                 0x08003c41   Thumb Code     0  startup_stm32f0xx_mdk_arm.o(.text)
    __aeabi_uidiv                            0x08003c81   Thumb Code     0  aeabi_sdiv.o(.text)
    __aeabi_uidivmod                         0x08003c81   Thumb Code    20  aeabi_sdiv.o(.text)
    __aeabi_idiv                             0x08003c95   Thumb Code     0  aeabi_sdiv.o(.text)
    __aeabi_idivmod                          0x08003c95   Thumb Code   326  aeabi_sdiv.o(.text)
    __use_two_region_memory                  0x08003ddb   Thumb Code     2  heapauxi.o(.text)
    __rt_heap_escrow$2region                 0x08003ddd   Thumb Code     2  heapauxi.o(.text)
    __rt_heap_expand$2region                 0x08003ddf   Thumb Code     2  heapauxi.o(.text)
    __aeabi_f2iz                             0x08003de1   Thumb Code     0  ffixi.o(.text)
    _ffix                                    0x08003de1   Thumb Code    76  ffixi.o(.text)
    __aeabi_i2f_normalise                    0x08003e2d   Thumb Code    72  fflti.o(.text)
    __aeabi_i2f                              0x08003e75   Thumb Code    16  fflti.o(.text)
    _fflt                                    0x08003e75   Thumb Code     0  fflti.o(.text)
    __aeabi_ui2f                             0x08003e85   Thumb Code     6  fflti.o(.text)
    _ffltu                                   0x08003e85   Thumb Code     0  fflti.o(.text)
    __user_setup_stackheap                   0x08003e8b   Thumb Code    62  sys_stackheap_outer.o(.text)
    exit                                     0x08003ec9   Thumb Code    16  exit.o(.text)
    __user_libspace                          0x08003ed9   Thumb Code     8  libspace.o(.text)
    __user_perproc_libspace                  0x08003ed9   Thumb Code     0  libspace.o(.text)
    __user_perthread_libspace                0x08003ed9   Thumb Code     0  libspace.o(.text)
    _sys_exit                                0x08003ee1   Thumb Code     8  sys_exit.o(.text)
    __I$use$semihosting                      0x08003eed   Thumb Code     0  use_no_semi.o(.text)
    __use_no_semihosting_swi                 0x08003eed   Thumb Code     2  use_no_semi.o(.text)
    __ARM_common_switch8                     0x08003eef   Thumb Code    28  main.o(i.__ARM_common_switch8)
    __semihosting_library_function           0x08003eef   Thumb Code     0  indicate_semi.o(.text)
    __aeabi_fmul                             0x08003f0d   Thumb Code     0  fmul.o(x$fpl$fmul)
    _fmul                                    0x08003f0d   Thumb Code   172  fmul.o(x$fpl$fmul)
    __I$use$fp                               0x08003fbc   Number         0  usenofp.o(x$fpl$usenofp)
    rf_addr_bind                             0x08003fdc   Data           5  proto_blue.o(.constdata)
    demod_cal                                0x08003fe1   Data           5  proto_blue.o(.constdata)
    rf_cal                                   0x08003fe6   Data           7  proto_blue.o(.constdata)
    bb_cal                                   0x08003fed   Data           5  proto_blue.o(.constdata)
    Region$$Table$$Base                      0x08003ff4   Number         0  anon$$obj.o(Region$$Table)
    Region$$Table$$Limit                     0x08004014   Number         0  anon$$obj.o(Region$$Table)
    LiPoVolt                                 0x20000000   Data           2  main.o(.data)
    failsafe                                 0x20000002   Data           1  main.o(.data)
    mode                                     0x20000003   Data           1  main.o(.data)
    SystemCoreClock                          0x2000000c   Data           4  system_stm32f0xx.o(.data)
    AHBPrescTable                            0x20000010   Data          16  system_stm32f0xx.o(.data)
    bind                                     0x20000028   Data           1  proto_blue.o(.data)
    flashtime                                0x20000044   Data           4  proto_blue.o(.data)
    __libspace_start                         0x20000078   Data          96  libspace.o(.bss)
    __temporary_stack_top$libspace           0x200000d8   Data           0  libspace.o(.bss)



==============================================================================

Memory Map of the image

  Image Entry point : 0x08003c0d

  Load Region LR_1 (Base: 0x08000000, Size: 0x0000406c, Max: 0xffffffff, ABSOLUTE)

    Execution Region ER_RO (Base: 0x08000000, Size: 0x00004014, Max: 0xffffffff, ABSOLUTE)

    Base Addr    Size         Type   Attr      Idx    E Section Name        Object

    0x08000000   0x000000c0   Data   RO          813    RESET               startup_stm32f0xx_mdk_arm.o
    0x080000c0   0x00000008   Code   RO          826  * !!!main             c_p.l(__main.o)
    0x080000c8   0x0000003c   Code   RO         1002    !!!scatter          c_p.l(__scatter.o)
    0x08000104   0x0000001a   Code   RO         1004    !!handler_copy      c_p.l(__scatter_copy.o)
    0x0800011e   0x00000002   PAD
    0x08000120   0x0000001c   Code   RO         1006    !!handler_zi        c_p.l(__scatter_zi.o)
    0x0800013c   0x00000002   Code   RO          871    .ARM.Collect$$libinit$$00000000  c_p.l(libinit.o)
    0x0800013e   0x00000000   Code   RO          885    .ARM.Collect$$libinit$$00000002  c_p.l(libinit2.o)
    0x0800013e   0x00000000   Code   RO          887    .ARM.Collect$$libinit$$00000004  c_p.l(libinit2.o)
    0x0800013e   0x00000000   Code   RO          890    .ARM.Collect$$libinit$$0000000A  c_p.l(libinit2.o)
    0x0800013e   0x00000000   Code   RO          892    .ARM.Collect$$libinit$$0000000C  c_p.l(libinit2.o)
    0x0800013e   0x00000000   Code   RO          894    .ARM.Collect$$libinit$$0000000E  c_p.l(libinit2.o)
    0x0800013e   0x00000000   Code   RO          897    .ARM.Collect$$libinit$$00000011  c_p.l(libinit2.o)
    0x0800013e   0x00000000   Code   RO          899    .ARM.Collect$$libinit$$00000013  c_p.l(libinit2.o)
    0x0800013e   0x00000000   Code   RO          901    .ARM.Collect$$libinit$$00000015  c_p.l(libinit2.o)
    0x0800013e   0x00000000   Code   RO          903    .ARM.Collect$$libinit$$00000017  c_p.l(libinit2.o)
    0x0800013e   0x00000000   Code   RO          905    .ARM.Collect$$libinit$$00000019  c_p.l(libinit2.o)
    0x0800013e   0x00000000   Code   RO          907    .ARM.Collect$$libinit$$0000001B  c_p.l(libinit2.o)
    0x0800013e   0x00000000   Code   RO          909    .ARM.Collect$$libinit$$0000001D  c_p.l(libinit2.o)
    0x0800013e   0x00000000   Code   RO          911    .ARM.Collect$$libinit$$0000001F  c_p.l(libinit2.o)
    0x0800013e   0x00000000   Code   RO          913    .ARM.Collect$$libinit$$00000021  c_p.l(libinit2.o)
    0x0800013e   0x00000000   Code   RO          915    .ARM.Collect$$libinit$$00000023  c_p.l(libinit2.o)
    0x0800013e   0x00000000   Code   RO          917    .ARM.Collect$$libinit$$00000025  c_p.l(libinit2.o)
    0x0800013e   0x00000000   Code   RO          921    .ARM.Collect$$libinit$$0000002C  c_p.l(libinit2.o)
    0x0800013e   0x00000000   Code   RO          923    .ARM.Collect$$libinit$$0000002E  c_p.l(libinit2.o)
    0x0800013e   0x00000000   Code   RO          925    .ARM.Collect$$libinit$$00000030  c_p.l(libinit2.o)
    0x0800013e   0x00000000   Code   RO          927    .ARM.Collect$$libinit$$00000032  c_p.l(libinit2.o)
    0x0800013e   0x00000002   Code   RO          928    .ARM.Collect$$libinit$$00000033  c_p.l(libinit2.o)
    0x08000140   0x00000002   Code   RO          959    .ARM.Collect$$libshutdown$$00000000  c_p.l(libshutdown.o)
    0x08000142   0x00000000   Code   RO          985    .ARM.Collect$$libshutdown$$00000002  c_p.l(libshutdown2.o)
    0x08000142   0x00000000   Code   RO          987    .ARM.Collect$$libshutdown$$00000004  c_p.l(libshutdown2.o)
    0x08000142   0x00000000   Code   RO          990    .ARM.Collect$$libshutdown$$00000007  c_p.l(libshutdown2.o)
    0x08000142   0x00000000   Code   RO          993    .ARM.Collect$$libshutdown$$0000000A  c_p.l(libshutdown2.o)
    0x08000142   0x00000000   Code   RO          995    .ARM.Collect$$libshutdown$$0000000C  c_p.l(libshutdown2.o)
    0x08000142   0x00000000   Code   RO          998    .ARM.Collect$$libshutdown$$0000000F  c_p.l(libshutdown2.o)
    0x08000142   0x00000002   Code   RO          999    .ARM.Collect$$libshutdown$$00000010  c_p.l(libshutdown2.o)
    0x08000144   0x00000000   Code   RO          834    .ARM.Collect$$rtentry$$00000000  c_p.l(__rtentry.o)
    0x08000144   0x00000000   Code   RO          841    .ARM.Collect$$rtentry$$00000002  c_p.l(__rtentry2.o)
    0x08000144   0x00000006   Code   RO          853    .ARM.Collect$$rtentry$$00000004  c_p.l(__rtentry4.o)
    0x0800014a   0x00000000   Code   RO          843    .ARM.Collect$$rtentry$$00000009  c_p.l(__rtentry2.o)
    0x0800014a   0x00000004   Code   RO          844    .ARM.Collect$$rtentry$$0000000A  c_p.l(__rtentry2.o)
    0x0800014e   0x00000000   Code   RO          846    .ARM.Collect$$rtentry$$0000000C  c_p.l(__rtentry2.o)
    0x0800014e   0x00000008   Code   RO          847    .ARM.Collect$$rtentry$$0000000D  c_p.l(__rtentry2.o)
    0x08000156   0x00000002   Code   RO          876    .ARM.Collect$$rtexit$$00000000  c_p.l(rtexit.o)
    0x08000158   0x00000000   Code   RO          932    .ARM.Collect$$rtexit$$00000002  c_p.l(rtexit2.o)
    0x08000158   0x00000004   Code   RO          933    .ARM.Collect$$rtexit$$00000003  c_p.l(rtexit2.o)
    0x0800015c   0x00000006   Code   RO          934    .ARM.Collect$$rtexit$$00000004  c_p.l(rtexit2.o)
    0x08000162   0x00000002   PAD
    0x08000164   0x00000444   Code   RO            3    .text               main.o
    0x080005a8   0x00000194   Code   RO          133    .text               blinker.o
    0x0800073c   0x000003d0   Code   RO          159    .text               mpu6050.o
    0x08000b0c   0x000000b4   Code   RO          185    .text               adc.o
    0x08000bc0   0x000000b0   Code   RO          205    .text               timer.o
    0x08000c70   0x0000000a   Code   RO          227    .text               stm32f0xx_it.o
    0x08000c7a   0x00000002   PAD
    0x08000c7c   0x000001a0   Code   RO          268    .text               system_stm32f0xx.o
    0x08000e1c   0x00000444   Code   RO          294    .text               nrf24.o
    0x08001260   0x000004ec   Code   RO          316    .text               proto_blue.o
    0x0800174c   0x000003f0   Code   RO          356    .text               motorpwm.o
    0x08001b3c   0x000002ec   Code   RO          376    .text               stm32f0xx_adc.o
    0x08001e28   0x0000020c   Code   RO          571    .text               stm32f0xx_gpio.o
    0x08002034   0x00000496   Code   RO          591    .text               stm32f0xx_i2c.o
    0x080024ca   0x00000002   PAD
    0x080024cc   0x000006d0   Code   RO          651    .text               stm32f0xx_rcc.o
    0x08002b9c   0x000003bc   Code   RO          693    .text               stm32f0xx_spi.o
    0x08002f58   0x00000c00   Code   RO          713    .text               stm32f0xx_tim.o
    0x08003b58   0x000000b4   Code   RO          773    .text               stm32f0xx_misc.o
    0x08003c0c   0x00000074   Code   RO          814  * .text               startup_stm32f0xx_mdk_arm.o
    0x08003c80   0x0000015a   Code   RO          820    .text               c_p.l(aeabi_sdiv.o)
    0x08003dda   0x00000006   Code   RO          824    .text               c_p.l(heapauxi.o)
    0x08003de0   0x0000004c   Code   RO          828    .text               fz_ps.l(ffixi.o)
    0x08003e2c   0x0000005e   Code   RO          830    .text               fz_ps.l(fflti.o)
    0x08003e8a   0x0000003e   Code   RO          857    .text               c_p.l(sys_stackheap_outer.o)
    0x08003ec8   0x00000010   Code   RO          860    .text               c_p.l(exit.o)
    0x08003ed8   0x00000008   Code   RO          872    .text               c_p.l(libspace.o)
    0x08003ee0   0x0000000c   Code   RO          929    .text               c_p.l(sys_exit.o)
    0x08003eec   0x00000002   Code   RO          948    .text               c_p.l(use_no_semi.o)
    0x08003eee   0x00000000   Code   RO          950    .text               c_p.l(indicate_semi.o)
    0x08003eee   0x0000001c   Code   RO           23    i.__ARM_common_switch8  main.o
    0x08003f0a   0x00000002   PAD
    0x08003f0c   0x000000b0   Code   RO          832    x$fpl$fmul          fz_ps.l(fmul.o)
    0x08003fbc   0x00000000   Code   RO          839    x$fpl$usenofp       fz_ps.l(usenofp.o)
    0x08003fbc   0x00000020   Data   RO            4    .constdata          main.o
    0x08003fdc   0x00000016   Data   RO          318    .constdata          proto_blue.o
    0x08003ff2   0x00000002   PAD
    0x08003ff4   0x00000020   Data   RO         1000    Region$$Table       anon$$obj.o


    Execution Region ER_RW (Base: 0x20000000, Size: 0x00000058, Max: 0xffffffff, ABSOLUTE)

    Base Addr    Size         Type   Attr      Idx    E Section Name        Object

    0x20000000   0x00000006   Data   RW            5    .data               main.o
    0x20000006   0x00000002   Data   RW          134    .data               blinker.o
    0x20000008   0x00000001   Data   RW          161    .data               mpu6050.o
    0x20000009   0x00000001   PAD
    0x2000000a   0x00000002   Data   RW          206    .data               timer.o
    0x2000000c   0x00000014   Data   RW          269    .data               system_stm32f0xx.o
    0x20000020   0x00000008   Data   RW          295    .data               nrf24.o
    0x20000028   0x00000020   Data   RW          319    .data               proto_blue.o
    0x20000048   0x00000010   Data   RW          652    .data               stm32f0xx_rcc.o


    Execution Region ER_ZI (Base: 0x20000058, Size: 0x00000680, Max: 0xffffffff, ABSOLUTE)

    Base Addr    Size         Type   Attr      Idx    E Section Name        Object

    0x20000058   0x0000000c   Zero   RW          160    .bss                mpu6050.o
    0x20000064   0x00000013   Zero   RW          317    .bss                proto_blue.o
    0x20000077   0x00000001   PAD
    0x20000078   0x00000060   Zero   RW          873    .bss                c_p.l(libspace.o)
    0x200000d8   0x00000200   Zero   RW          812    HEAP                startup_stm32f0xx_mdk_arm.o
    0x200002d8   0x00000400   Zero   RW          811    STACK               startup_stm32f0xx_mdk_arm.o


==============================================================================

Image component sizes


      Code (inc. data)   RO Data    RW Data    ZI Data      Debug   Object Name

       180         12          0          0          0        680   adc.o
       404         32          0          2          0       1120   blinker.o
      1120         76         32          6          0     211796   main.o
      1008          6          0          0          0       1425   motorpwm.o
       976         28          0          1         12       2113   mpu6050.o
      1092         26          0          8          0       5921   nrf24.o
      1260         88         22         32         19       2563   proto_blue.o
       116         56        192          0       1536        616   startup_stm32f0xx_mdk_arm.o
       748         14          0          0          0     160523   stm32f0xx_adc.o
       524         26          0          0          0       3709   stm32f0xx_gpio.o
      1174         24          0          0          0       9926   stm32f0xx_i2c.o
        10          0          0          0          0        635   stm32f0xx_it.o
       180         14          0          0          0       1312   stm32f0xx_misc.o
      1744         46          0         16          0       8952   stm32f0xx_rcc.o
       956         42          0          0          0       7691   stm32f0xx_spi.o
      3072        136          0          0          0      22897   stm32f0xx_tim.o
       416         34          0         20          0       1383   system_stm32f0xx.o
       176         14          0          2          0       1168   timer.o

    ----------------------------------------------------------------------
     15162        674        280         88       1568     444430   Object Totals
         0          0         32          0          0          0   (incl. Generated)
         6          0          2          1          1          0   (incl. Padding)

    ----------------------------------------------------------------------

      Code (inc. data)   RO Data    RW Data    ZI Data      Debug   Library Member Name

         8          0          0          0          0         68   __main.o
         0          0          0          0          0          0   __rtentry.o
        12          0          0          0          0          0   __rtentry2.o
         6          0          0          0          0          0   __rtentry4.o
        60          8          0          0          0          0   __scatter.o
        26          0          0          0          0          0   __scatter_copy.o
        28          0          0          0          0          0   __scatter_zi.o
       346          0          0          0          0         92   aeabi_sdiv.o
        16          0          0          0          0         68   exit.o
         6          0          0          0          0        136   heapauxi.o
         0          0          0          0          0          0   indicate_semi.o
         2          0          0          0          0          0   libinit.o
         2          0          0          0          0          0   libinit2.o
         2          0          0          0          0          0   libshutdown.o
         2          0          0          0          0          0   libshutdown2.o
         8          4          0          0         96         68   libspace.o
         2          0          0          0          0          0   rtexit.o
        10          0          0          0          0          0   rtexit2.o
        12          4          0          0          0         60   sys_exit.o
        62          0          0          0          0         80   sys_stackheap_outer.o
         2          0          0          0          0         68   use_no_semi.o
        76          0          0          0          0         68   ffixi.o
        94          0          0          0          0         92   fflti.o
       176          4          0          0          0         80   fmul.o
         0          0          0          0          0          0   usenofp.o

    ----------------------------------------------------------------------
       962         20          0          0         96        880   Library Totals
         4          0          0          0          0          0   (incl. Padding)

    ----------------------------------------------------------------------

      Code (inc. data)   RO Data    RW Data    ZI Data      Debug   Library Name

       612         16          0          0         96        640   c_p.l
       346          4          0          0          0        240   fz_ps.l

    ----------------------------------------------------------------------
       962         20          0          0         96        880   Library Totals

    ----------------------------------------------------------------------

==============================================================================


      Code (inc. data)   RO Data    RW Data    ZI Data      Debug   

     16124        694        280         88       1664     443706   Grand Totals
     16124        694        280         88       1664     443706   ELF Image Totals
     16124        694        280         88          0          0   ROM Totals

==============================================================================

    Total RO  Size (Code + RO Data)                16404 (  16.02kB)
    Total RW  Size (RW Data + ZI Data)              1752 (   1.71kB)
    Total ROM Size (Code + RO Data + RW Data)      16492 (  16.11kB)

==============================================================================

